Archive member included because of file (symbol)

c:/program files (x86)/gnu tools arm embedded/4.7 2013q3/bin/../lib/gcc/arm-none-eabi/4.7.4/armv7e-m/fpu\libgcc.a(_arm_addsubdf3.o)
                              ..\obj\camera.o (__aeabi_f2d)
c:/program files (x86)/gnu tools arm embedded/4.7 2013q3/bin/../lib/gcc/arm-none-eabi/4.7.4/armv7e-m/fpu\libgcc.a(_arm_muldivdf3.o)
                              ..\obj\camera.o (__aeabi_dmul)
c:/program files (x86)/gnu tools arm embedded/4.7 2013q3/bin/../lib/gcc/arm-none-eabi/4.7.4/armv7e-m/fpu\libgcc.a(_arm_fixunsdfsi.o)
                              ..\obj\camera.o (__aeabi_d2uiz)
c:/program files (x86)/gnu tools arm embedded/4.7 2013q3/bin/../lib/gcc/arm-none-eabi/4.7.4/../../../../arm-none-eabi/lib/armv7e-m/fpu\libg.a(lib_a-malloc.o)
                              ..\obj\tasks.o (malloc)
c:/program files (x86)/gnu tools arm embedded/4.7 2013q3/bin/../lib/gcc/arm-none-eabi/4.7.4/../../../../arm-none-eabi/lib/armv7e-m/fpu\libg.a(lib_a-mallocr.o)
                              c:/program files (x86)/gnu tools arm embedded/4.7 2013q3/bin/../lib/gcc/arm-none-eabi/4.7.4/../../../../arm-none-eabi/lib/armv7e-m/fpu\libg.a(lib_a-malloc.o) (_malloc_r)
c:/program files (x86)/gnu tools arm embedded/4.7 2013q3/bin/../lib/gcc/arm-none-eabi/4.7.4/../../../../arm-none-eabi/lib/armv7e-m/fpu\libg.a(lib_a-memcpy.o)
                              ..\obj\queue.o (memcpy)
c:/program files (x86)/gnu tools arm embedded/4.7 2013q3/bin/../lib/gcc/arm-none-eabi/4.7.4/../../../../arm-none-eabi/lib/armv7e-m/fpu\libg.a(lib_a-memset.o)
                              ..\obj\tasks.o (memset)
c:/program files (x86)/gnu tools arm embedded/4.7 2013q3/bin/../lib/gcc/arm-none-eabi/4.7.4/../../../../arm-none-eabi/lib/armv7e-m/fpu\libg.a(lib_a-mlock.o)
                              c:/program files (x86)/gnu tools arm embedded/4.7 2013q3/bin/../lib/gcc/arm-none-eabi/4.7.4/../../../../arm-none-eabi/lib/armv7e-m/fpu\libg.a(lib_a-mallocr.o) (__malloc_lock)
c:/program files (x86)/gnu tools arm embedded/4.7 2013q3/bin/../lib/gcc/arm-none-eabi/4.7.4/../../../../arm-none-eabi/lib/armv7e-m/fpu\libg.a(lib_a-sbrkr.o)
                              c:/program files (x86)/gnu tools arm embedded/4.7 2013q3/bin/../lib/gcc/arm-none-eabi/4.7.4/../../../../arm-none-eabi/lib/armv7e-m/fpu\libg.a(lib_a-mallocr.o) (_sbrk_r)
c:/program files (x86)/gnu tools arm embedded/4.7 2013q3/bin/../lib/gcc/arm-none-eabi/4.7.4/../../../../arm-none-eabi/lib/armv7e-m/fpu\libg.a(lib_a-sprintf.o)
                              ..\obj\tasks.o (sprintf)
c:/program files (x86)/gnu tools arm embedded/4.7 2013q3/bin/../lib/gcc/arm-none-eabi/4.7.4/../../../../arm-none-eabi/lib/armv7e-m/fpu\libg.a(lib_a-strcat.o)
                              ..\obj\tasks.o (strcat)
c:/program files (x86)/gnu tools arm embedded/4.7 2013q3/bin/../lib/gcc/arm-none-eabi/4.7.4/../../../../arm-none-eabi/lib/armv7e-m/fpu\libg.a(lib_a-strcpy.o)
                              c:/program files (x86)/gnu tools arm embedded/4.7 2013q3/bin/../lib/gcc/arm-none-eabi/4.7.4/../../../../arm-none-eabi/lib/armv7e-m/fpu\libg.a(lib_a-strcat.o) (strcpy)
c:/program files (x86)/gnu tools arm embedded/4.7 2013q3/bin/../lib/gcc/arm-none-eabi/4.7.4/../../../../arm-none-eabi/lib/armv7e-m/fpu\libg.a(lib_a-strlen.o)
                              ..\obj\tasks.o (strlen)
c:/program files (x86)/gnu tools arm embedded/4.7 2013q3/bin/../lib/gcc/arm-none-eabi/4.7.4/../../../../arm-none-eabi/lib/armv7e-m/fpu\libg.a(lib_a-strncpy.o)
                              ..\obj\tasks.o (strncpy)
c:/program files (x86)/gnu tools arm embedded/4.7 2013q3/bin/../lib/gcc/arm-none-eabi/4.7.4/../../../../arm-none-eabi/lib/armv7e-m/fpu\libg.a(lib_a-svfprintf.o)
                              c:/program files (x86)/gnu tools arm embedded/4.7 2013q3/bin/../lib/gcc/arm-none-eabi/4.7.4/../../../../arm-none-eabi/lib/armv7e-m/fpu\libg.a(lib_a-sprintf.o) (_svfprintf_r)
c:/program files (x86)/gnu tools arm embedded/4.7 2013q3/bin/../lib/gcc/arm-none-eabi/4.7.4/../../../../arm-none-eabi/lib/armv7e-m/fpu\libg.a(lib_a-dtoa.o)
                              c:/program files (x86)/gnu tools arm embedded/4.7 2013q3/bin/../lib/gcc/arm-none-eabi/4.7.4/../../../../arm-none-eabi/lib/armv7e-m/fpu\libg.a(lib_a-svfprintf.o) (_dtoa_r)
c:/program files (x86)/gnu tools arm embedded/4.7 2013q3/bin/../lib/gcc/arm-none-eabi/4.7.4/../../../../arm-none-eabi/lib/armv7e-m/fpu\libg.a(lib_a-freer.o)
                              c:/program files (x86)/gnu tools arm embedded/4.7 2013q3/bin/../lib/gcc/arm-none-eabi/4.7.4/../../../../arm-none-eabi/lib/armv7e-m/fpu\libg.a(lib_a-malloc.o) (_free_r)
c:/program files (x86)/gnu tools arm embedded/4.7 2013q3/bin/../lib/gcc/arm-none-eabi/4.7.4/../../../../arm-none-eabi/lib/armv7e-m/fpu\libg.a(lib_a-impure.o)
                              c:/program files (x86)/gnu tools arm embedded/4.7 2013q3/bin/../lib/gcc/arm-none-eabi/4.7.4/../../../../arm-none-eabi/lib/armv7e-m/fpu\libg.a(lib_a-malloc.o) (_impure_ptr)
[...]
Memory Configuration

Name             Origin             Length             Attributes
rom              0x08000000         0x00100000         xr
ram              0x20000000         0x00020000         xrw
ram1             0x10000000         0x00010000         xrw
*default*        0x00000000         0xffffffff

Linker script and memory map

                0x20020000                _eram = 0x20020000

.text           0x08000000     0x54d0
 *(.isr_vector)
 .isr_vector    0x08000000      0x188 ..\obj\startup_stm32f4xx.o
                0x08000000                g_pfnVectors
 *(.text*)
 .text.SYSCFG_EXTILineConfig
                0x08000188       0xb0 ..\obj\stm32f4xx_syscfg.o
                0x08000188                SYSCFG_EXTILineConfig
 .text.vTraitementLigne
                0x08000238      0x1c0 ..\obj\camera.o
                0x08000238                vTraitementLigne
 .text.vClockCamera_Timer4_CH1_PB6
                0x080003f8       0xfc ..\obj\camera.o
                0x080003f8                vClockCamera_Timer4_CH1_PB6
 .text.vSICameraGpio_PE0
                0x080004f4       0x48 ..\obj\camera.o
                0x080004f4                vSICameraGpio_PE0
 .text.vLedCamera_Timer2_CH4_PB11
                0x0800053c       0xe8 ..\obj\led.o
                0x0800053c                vLedCamera_Timer2_CH4_PB11
 .text.vLedBattery_GpioPD0134
                0x08000624       0x48 ..\obj\led.o
                0x08000624                vLedBattery_GpioPD0134
 .text.Default_Reset_Handler
                0x0800066c       0xa4 ..\obj\startup_stm32f4xx.o
                0x0800066c                Default_Reset_Handler
                0x0800066c                Reset_Handler
 .text.Default_Handler
                0x08000710        0x8 ..\obj\startup_stm32f4xx.o
                0x08000710                RTC_Alarm_IRQHandler
                0x08000710                HASH_RNG_IRQHandler
                0x08000710                EXTI2_IRQHandler
                0x08000710                TIM8_CC_IRQHandler
                0x08000710                DebugMon_Handler
                0x08000710                TIM1_CC_IRQHandler
                0x08000710                DMA2_Stream5_IRQHandler
                0x08000710                HardFault_Handler
                0x08000710                DMA1_Stream5_IRQHandler
                0x08000710                PVD_IRQHandler
                0x08000710                SDIO_IRQHandler
                0x08000710                TAMP_STAMP_IRQHandler
                0x08000710                NMI_Handler
                0x08000710                CAN2_RX1_IRQHandler
                0x08000710                EXTI3_IRQHandler
                0x08000710                TIM8_TRG_COM_TIM14_IRQHandler
                0x08000710                TIM1_UP_TIM10_IRQHandler
                0x08000710                TIM8_UP_TIM13_IRQHandler
                0x08000710                I2C3_ER_IRQHandler
                0x08000710                EXTI0_IRQHandler
                0x08000710                I2C2_EV_IRQHandler
                0x08000710                DMA1_Stream2_IRQHandler
                0x08000710                CAN1_RX0_IRQHandler
                0x08000710                FPU_IRQHandler
                0x08000710                OTG_HS_WKUP_IRQHandler
                0x08000710                UsageFault_Handler
                0x08000710                CAN2_SCE_IRQHandler
                0x08000710                DMA2_Stream2_IRQHandler
                0x08000710                SPI1_IRQHandler
                0x08000710                TIM6_DAC_IRQHandler
                0x08000710                TIM1_BRK_TIM9_IRQHandler
                0x08000710                DCMI_IRQHandler
                0x08000710                CAN2_RX0_IRQHandler
                0x08000710                DMA2_Stream3_IRQHandler
                0x08000710                USART6_IRQHandler
                0x08000710                USART3_IRQHandler
                0x08000710                CRYP_IRQHandler
                0x08000710                CAN1_RX1_IRQHandler
                0x08000710                UART5_IRQHandler
                0x08000710                DMA2_Stream0_IRQHandler
                0x08000710                TIM4_IRQHandler
                0x08000710                I2C1_EV_IRQHandler
                0x08000710                DMA1_Stream6_IRQHandler
                0x08000710                DMA1_Stream1_IRQHandler
                0x08000710                UART4_IRQHandler
                0x08000710                TIM3_IRQHandler
                0x08000710                RCC_IRQHandler
                0x08000710                TIM8_BRK_TIM12_IRQHandler
                0x08000710                EXTI15_10_IRQHandler
                0x08000710                ADC_IRQHandler
                0x08000710                DMA1_Stream7_IRQHandler
                0x08000710                TIM7_IRQHandler
                0x08000710                CAN2_TX_IRQHandler
                0x08000710                TIM5_IRQHandler
                0x08000710                DMA2_Stream7_IRQHandler
                0x08000710                I2C3_EV_IRQHandler
                0x08000710                RTC_WKUP_IRQHandler
                0x08000710                ETH_WKUP_IRQHandler
                0x08000710                SPI2_IRQHandler
                0x08000710                OTG_HS_EP1_IN_IRQHandler
                0x08000710                MemManage_Handler
                0x08000710                DMA1_Stream0_IRQHandler
                0x08000710                CAN1_TX_IRQHandler
                0x08000710                EXTI4_IRQHandler
                0x08000710                FSMC_IRQHandler
                0x08000710                ETH_IRQHandler
                0x08000710                OTG_HS_EP1_OUT_IRQHandler
                0x08000710                WWDG_IRQHandler
                0x08000710                TIM2_IRQHandler
                0x08000710                OTG_FS_WKUP_IRQHandler
                0x08000710                TIM1_TRG_COM_TIM11_IRQHandler
                0x08000710                OTG_HS_IRQHandler
                0x08000710                EXTI1_IRQHandler
                0x08000710                USART2_IRQHandler
                0x08000710                I2C2_ER_IRQHandler
                0x08000710                DMA2_Stream1_IRQHandler
                0x08000710                CAN1_SCE_IRQHandler
                0x08000710                FLASH_IRQHandler
                0x08000710                DMA2_Stream4_IRQHandler
                0x08000710                BusFault_Handler
                0x08000710                USART1_IRQHandler
                0x08000710                OTG_FS_IRQHandler
                0x08000710                SPI3_IRQHandler
                0x08000710                DMA1_Stream4_IRQHandler
                0x08000710                I2C1_ER_IRQHandler
                0x08000710                DMA2_Stream6_IRQHandler
                0x08000710                DMA1_Stream3_IRQHandler
 .text.propultion_Gauche
                0x08000718       0x3c ..\obj\Propultion.o
                0x08000718                propultion_Gauche
 .text.propultion_Droit
                0x08000754       0x3c ..\obj\Propultion.o
                0x08000754                propultion_Droit
 .text.recule_Gauche
                0x08000790       0x3c ..\obj\Propultion.o
                0x08000790                recule_Gauche
 .text.recule_Droit
                0x080007cc       0x3c ..\obj\Propultion.o
                0x080007cc                recule_Droit
 .text.vmoteur_G_Timer3_CH1_PC6
                0x08000808      0x134 ..\obj\Propultion.o
                0x08000808                vmoteur_G_Timer3_CH1_PC6
 .text.vmoteur_D_Timer3_CH2_PC7
                0x0800093c      0x148 ..\obj\Propultion.o
                0x0800093c                vmoteur_D_Timer3_CH2_PC7
 .text.vEnableMoteur_GPIO_PE2
                0x08000a84       0x58 ..\obj\Propultion.o
                0x08000a84                vEnableMoteur_GPIO_PE2
 .text.main     0x08000adc      0x184 ..\obj\main.o
                0x08000adc                main
 .text.EXTI9_5_IRQHandler
                0x08000c60      0x154 ..\obj\main.o
                0x08000c60                EXTI9_5_IRQHandler
 .text.Accelerometre
                0x08000db4       0x88 ..\obj\main.o
                0x08000db4                Accelerometre
 .text.ServoMoteur
                0x08000e3c       0x3c ..\obj\main.o
                0x08000e3c                ServoMoteur
 .text.BarGraph
                0x08000e78      0x194 ..\obj\main.o
                0x08000e78                BarGraph
 .text.vStartButton_GpioE3
                0x0800100c       0x48 ..\obj\Additional_Features.o
                0x0800100c                vStartButton_GpioE3
 .text.RCC_AHB1PeriphClockCmd
                0x08001054       0x54 ..\obj\stm32f4xx_rcc.o
                0x08001054                RCC_AHB1PeriphClockCmd
 .text.RCC_APB1PeriphClockCmd
                0x080010a8       0x54 ..\obj\stm32f4xx_rcc.o
                0x080010a8                RCC_APB1PeriphClockCmd
 .text.RCC_APB2PeriphClockCmd
                0x080010fc       0x54 ..\obj\stm32f4xx_rcc.o
                0x080010fc                RCC_APB2PeriphClockCmd
 .text.EXTILine6_Config_PB6
                0x08001150       0x74 ..\obj\interruption.o
                0x08001150                EXTILine6_Config_PB6
 .text.ADC_Init
                0x080011c4       0xb8 ..\obj\stm32f4xx_adc.o
                0x080011c4                ADC_Init
 .text.ADC_StructInit
                0x0800127c       0x4c ..\obj\stm32f4xx_adc.o
                0x0800127c                ADC_StructInit
 .text.ADC_CommonInit
                0x080012c8       0x5c ..\obj\stm32f4xx_adc.o
                0x080012c8                ADC_CommonInit
 .text.ADC_Cmd  0x08001324       0x38 ..\obj\stm32f4xx_adc.o
                0x08001324                ADC_Cmd
 .text.ADC_RegularChannelConfig
                0x0800135c      0x1bc ..\obj\stm32f4xx_adc.o
                0x0800135c                ADC_RegularChannelConfig
 .text.ADC_SoftwareStartConv
                0x08001518       0x20 ..\obj\stm32f4xx_adc.o
                0x08001518                ADC_SoftwareStartConv
 .text.ADC_EOCOnEachRegularChannelCmd
                0x08001538       0x38 ..\obj\stm32f4xx_adc.o
                0x08001538                ADC_EOCOnEachRegularChannelCmd
 .text.ADC_GetConversionValue
                0x08001570       0x1c ..\obj\stm32f4xx_adc.o
                0x08001570                ADC_GetConversionValue
 .text.ADC_GetFlagStatus
                0x0800158c       0x3c ..\obj\stm32f4xx_adc.o
                0x0800158c                ADC_GetFlagStatus
 .text.xTaskGenericCreate
                0x080015c8      0x1a8 ..\obj\tasks.o
                0x080015c8                xTaskGenericCreate
 .text.vTaskStartScheduler
                0x08001770       0x78 ..\obj\tasks.o
                0x08001770                vTaskStartScheduler
 .text.vTaskSuspendAll
                0x080017e8       0x24 ..\obj\tasks.o
                0x080017e8                vTaskSuspendAll
 .text.xTaskResumeAll
                0x0800180c      0x150 ..\obj\tasks.o
                0x0800180c                xTaskResumeAll
 .text.vTaskIncrementTick
                0x0800195c      0x1b4 ..\obj\tasks.o
                0x0800195c                vTaskIncrementTick
 .text.vTaskSwitchContext
                0x08001b10      0x104 ..\obj\tasks.o
                0x08001b10                vTaskSwitchContext
 .text.vTaskPlaceOnEventList
                0x08001c14       0x78 ..\obj\tasks.o
                0x08001c14                vTaskPlaceOnEventList
 .text.xTaskRemoveFromEventList
                0x08001c8c       0xc4 ..\obj\tasks.o
                0x08001c8c                xTaskRemoveFromEventList
 .text.vTaskSetTimeOutState
                0x08001d50       0x30 ..\obj\tasks.o
                0x08001d50                vTaskSetTimeOutState
 .text.xTaskCheckForTimeOut
                0x08001d80       0xa4 ..\obj\tasks.o
                0x08001d80                xTaskCheckForTimeOut
 .text.vTaskMissedYield
                0x08001e24       0x18 ..\obj\tasks.o
                0x08001e24                vTaskMissedYield
 .text.prvIdleTask
                0x08001e3c       0x24 ..\obj\tasks.o
 .text.prvInitialiseTCBVariables
                0x08001e60       0x88 ..\obj\tasks.o
 .text.prvInitialiseTaskLists
                0x08001ee8       0xa4 ..\obj\tasks.o
 .text.prvCheckTasksWaitingTermination
                0x08001f8c       0x98 ..\obj\tasks.o
 .text.prvAddCurrentTaskToDelayedList
                0x08002024       0x8c ..\obj\tasks.o
 .text.prvAllocateTCBAndStack
                0x080020b0       0x74 ..\obj\tasks.o
 .text.prvDeleteTCB
                0x08002124       0x20 ..\obj\tasks.o
 .text.xTaskGetCurrentTaskHandle
                0x08002144       0x20 ..\obj\tasks.o
                0x08002144                xTaskGetCurrentTaskHandle
 .text.vTaskPriorityInherit
                0x08002164       0xd4 ..\obj\tasks.o
                0x08002164                vTaskPriorityInherit
 .text.vTaskPriorityDisinherit
                0x08002238       0x90 ..\obj\tasks.o
                0x08002238                vTaskPriorityDisinherit
 .text.servo_moteur
                0x080022c8       0x3c ..\obj\servo.o
                0x080022c8                servo_moteur
 .text.vServo_Timer11_CH1_PB9
                0x08002304       0xfc ..\obj\servo.o
                0x08002304                vServo_Timer11_CH1_PB9
 .text.GPIO_Init
                0x08002400      0x144 ..\obj\stm32f4xx_gpio.o
                0x08002400                GPIO_Init
 .text.GPIO_StructInit
                0x08002544       0x3c ..\obj\stm32f4xx_gpio.o
                0x08002544                GPIO_StructInit
 .text.GPIO_ReadInputDataBit
                0x08002580       0x3c ..\obj\stm32f4xx_gpio.o
                0x08002580                GPIO_ReadInputDataBit
 .text.GPIO_SetBits
                0x080025bc       0x1c ..\obj\stm32f4xx_gpio.o
                0x080025bc                GPIO_SetBits
 .text.GPIO_ResetBits
                0x080025d8       0x1c ..\obj\stm32f4xx_gpio.o
                0x080025d8                GPIO_ResetBits
 .text.GPIO_PinAFConfig
                0x080025f4       0xa8 ..\obj\stm32f4xx_gpio.o
                0x080025f4                GPIO_PinAFConfig
 .text.vListInitialise
                0x0800269c       0x40 ..\obj\list.o
                0x0800269c                vListInitialise
 .text.vListInitialiseItem
                0x080026dc       0x1c ..\obj\list.o
                0x080026dc                vListInitialiseItem
 .text.vListInsertEnd
                0x080026f8       0x50 ..\obj\list.o
                0x080026f8                vListInsertEnd
 .text.vListInsert
                0x08002748       0x74 ..\obj\list.o
                0x08002748                vListInsert
 .text.vListRemove
                0x080027bc       0x54 ..\obj\list.o
                0x080027bc                vListRemove
 .text.SystemInit
                0x08002810       0xb0 ..\obj\system_stm32f4xx.o
                0x08002810                SystemInit
 .text.SystemCoreClockUpdate
                0x080028c0      0x170 ..\obj\system_stm32f4xx.o
                0x080028c0                SystemCoreClockUpdate
 .text.SetSysClock
                0x08002a30      0x188 ..\obj\system_stm32f4xx.o
 .text._sbrk    0x08002bb8       0x5c ..\obj\syscalls.o
                0x08002bb8                _sbrk
 .text.GPIO_Config_Camera_Adc1_PA1
                0x08002c14       0x5c ..\obj\adc.o
                0x08002c14                GPIO_Config_Camera_Adc1_PA1
 .text.ADC1_CH1_Config_Camera
                0x08002c70       0xac ..\obj\adc.o
                0x08002c70                ADC1_CH1_Config_Camera
 .text.vBattery_GpioPA4_ADC2_CH4
                0x08002d1c       0xf8 ..\obj\adc.o
                0x08002d1c                vBattery_GpioPA4_ADC2_CH4
 .text.init_PID
                0x08002e14       0x34 ..\obj\PID.o
                0x08002e14                init_PID
 .text.Calcul_PID
                0x08002e48       0xa0 ..\obj\PID.o
                0x08002e48                Calcul_PID
 .text.pxPortInitialiseStack
                0x08002ee8       0x68 ..\obj\port.o
                0x08002ee8                pxPortInitialiseStack
 .text.SVC_Handler
                0x08002f50       0x20 ..\obj\port.o
                0x08002f50                SVC_Handler
 .text.vPortStartFirstTask
                0x08002f70       0x14 ..\obj\port.o
                0x08002f70                vPortStartFirstTask
 .text.xPortStartScheduler
                0x08002f84       0x54 ..\obj\port.o
                0x08002f84                xPortStartScheduler
 .text.vPortYieldFromISR
                0x08002fd8       0x18 ..\obj\port.o
                0x08002fd8                vPortYieldFromISR
 .text.vPortEnterCritical
                0x08002ff0       0x2c ..\obj\port.o
                0x08002ff0                vPortEnterCritical
 .text.vPortExitCritical
                0x0800301c       0x38 ..\obj\port.o
                0x0800301c                vPortExitCritical
 .text.PendSV_Handler
                0x08003054       0x58 ..\obj\port.o
                0x08003054                PendSV_Handler
 .text.SysTick_Handler
                0x080030ac       0x38 ..\obj\port.o
                0x080030ac                SysTick_Handler
 .text.prvSetupTimerInterrupt
                0x080030e4       0x40 ..\obj\port.o
 .text.xQueueCreate
                0x08003124       0xd0 ..\obj\queue.o
                0x08003124                xQueueCreate
 .text.xQueueGenericSend
                0x080031f4      0x120 ..\obj\queue.o
                0x080031f4                xQueueGenericSend
 .text.xQueueGenericSendFromISR
                0x08003314       0x90 ..\obj\queue.o
                0x08003314                xQueueGenericSendFromISR
 .text.xQueueGenericReceive
                0x080033a4      0x188 ..\obj\queue.o
                0x080033a4                xQueueGenericReceive
 .text.prvCopyDataToQueue
                0x0800352c       0xc4 ..\obj\queue.o
 .text.prvCopyDataFromQueue
                0x080035f0       0x50 ..\obj\queue.o
 .text.prvUnlockQueue
                0x08003640       0xa0 ..\obj\queue.o
 .text.prvIsQueueEmpty
                0x080036e0       0x2c ..\obj\queue.o
 .text.prvIsQueueFull
                0x0800370c       0x30 ..\obj\queue.o
 .text.SPI_I2S_ReceiveData
                0x0800373c       0x1c ..\obj\stm32f4xx_spi.o
                0x0800373c                SPI_I2S_ReceiveData
 .text.SPI_I2S_SendData
                0x08003758       0x1c ..\obj\stm32f4xx_spi.o
                0x08003758                SPI_I2S_SendData
 .text.SPI_I2S_GetFlagStatus
                0x08003774       0x40 ..\obj\stm32f4xx_spi.o
                0x08003774                SPI_I2S_GetFlagStatus
 .text.EXTI_Init
                0x080037b4      0x138 ..\obj\stm32f4xx_exti.o
                0x080037b4                EXTI_Init
 .text.EXTI_GetITStatus
                0x080038ec       0x58 ..\obj\stm32f4xx_exti.o
                0x080038ec                EXTI_GetITStatus
 .text.EXTI_ClearITPendingBit
                0x08003944       0x20 ..\obj\stm32f4xx_exti.o
                0x08003944                EXTI_ClearITPendingBit
 .text.NVIC_PriorityGroupConfig
                0x08003964       0x28 ..\obj\misc.o
                0x08003964                NVIC_PriorityGroupConfig
 .text.NVIC_Init
                0x0800398c       0xe4 ..\obj\misc.o
                0x0800398c                NVIC_Init
 .text.vAccDataSend
                0x08003a70       0x68 ..\obj\Accelerometre.o
                0x08003a70                vAccDataSend
 .text.TIM_TimeBaseInit
                0x08003ad8       0xf4 ..\obj\stm32f4xx_tim.o
                0x08003ad8                TIM_TimeBaseInit
 .text.TIM_ARRPreloadConfig
                0x08003bcc       0x40 ..\obj\stm32f4xx_tim.o
                0x08003bcc                TIM_ARRPreloadConfig
 .text.TIM_Cmd  0x08003c0c       0x40 ..\obj\stm32f4xx_tim.o
                0x08003c0c                TIM_Cmd
 .text.TIM_OC1Init
                0x08003c4c       0xfc ..\obj\stm32f4xx_tim.o
                0x08003c4c                TIM_OC1Init
 .text.TIM_OC2Init
                0x08003d48      0x128 ..\obj\stm32f4xx_tim.o
                0x08003d48                TIM_OC2Init
 .text.TIM_OC3Init
                0x08003e70      0x120 ..\obj\stm32f4xx_tim.o
                0x08003e70                TIM_OC3Init
 .text.TIM_OC4Init
                0x08003f90       0xe0 ..\obj\stm32f4xx_tim.o
                0x08003f90                TIM_OC4Init
 .text.TIM_OC1PreloadConfig
                0x08004070       0x38 ..\obj\stm32f4xx_tim.o
                0x08004070                TIM_OC1PreloadConfig
 .text.TIM_OC2PreloadConfig
                0x080040a8       0x40 ..\obj\stm32f4xx_tim.o
                0x080040a8                TIM_OC2PreloadConfig
 .text.TIM_OC4PreloadConfig
                0x080040e8       0x40 ..\obj\stm32f4xx_tim.o
                0x080040e8                TIM_OC4PreloadConfig
 .text          0x08004128      0x370 c:/program files (x86)/gnu tools arm embedded/4.7 2013q3/bin/../lib/gcc/arm-none-eabi/4.7.4/armv7e-m/fpu\libgcc.a(_arm_addsubdf3.o)
                0x08004128                __aeabi_drsub
                0x08004130                __aeabi_dsub
                0x08004130                __subdf3
                0x08004134                __aeabi_dadd
                0x08004134                __adddf3
                0x080043ac                __floatunsidf
                0x080043ac                __aeabi_ui2d
                0x080043cc                __floatsidf
                0x080043cc                __aeabi_i2d
                0x080043f0                __aeabi_f2d
                0x080043f0                __extendsfdf2
                0x0800442c                __floatundidf
                0x0800442c                __aeabi_ul2d
                0x0800443c                __floatdidf
                0x0800443c                __aeabi_l2d
 .text          0x08004498      0x424 c:/program files (x86)/gnu tools arm embedded/4.7 2013q3/bin/../lib/gcc/arm-none-eabi/4.7.4/armv7e-m/fpu\libgcc.a(_arm_muldivdf3.o)
                0x08004498                __aeabi_dmul
                0x08004498                __muldf3
                0x080046ec                __divdf3
                0x080046ec                __aeabi_ddiv
 .text          0x080048bc       0x40 c:/program files (x86)/gnu tools arm embedded/4.7 2013q3/bin/../lib/gcc/arm-none-eabi/4.7.4/armv7e-m/fpu\libgcc.a(_arm_fixunsdfsi.o)
                0x080048bc                __aeabi_d2uiz
                0x080048bc                __fixunsdfsi
 .text.malloc   0x080048fc       0x10 c:/program files (x86)/gnu tools arm embedded/4.7 2013q3/bin/../lib/gcc/arm-none-eabi/4.7.4/../../../../arm-none-eabi/lib/armv7e-m/fpu\libg.a(lib_a-malloc.o)
                0x080048fc                malloc
 .text.free     0x0800490c       0x10 c:/program files (x86)/gnu tools arm embedded/4.7 2013q3/bin/../lib/gcc/arm-none-eabi/4.7.4/../../../../arm-none-eabi/lib/armv7e-m/fpu\libg.a(lib_a-malloc.o)
                0x0800490c                free
 .text._malloc_r
                0x0800491c      0x55c c:/program files (x86)/gnu tools arm embedded/4.7 2013q3/bin/../lib/gcc/arm-none-eabi/4.7.4/../../../../arm-none-eabi/lib/armv7e-m/fpu\libg.a(lib_a-mallocr.o)
                0x0800491c                _malloc_r
 .text.memcpy   0x08004e78      0x144 c:/program files (x86)/gnu tools arm embedded/4.7 2013q3/bin/../lib/gcc/arm-none-eabi/4.7.4/../../../../arm-none-eabi/lib/armv7e-m/fpu\libg.a(lib_a-memcpy.o)
                0x08004e78                memcpy
 .text.memset   0x08004fbc      0x12c c:/program files (x86)/gnu tools arm embedded/4.7 2013q3/bin/../lib/gcc/arm-none-eabi/4.7.4/../../../../arm-none-eabi/lib/armv7e-m/fpu\libg.a(lib_a-memset.o)
                0x08004fbc                memset
 .text.__malloc_lock
                0x080050e8        0x4 c:/program files (x86)/gnu tools arm embedded/4.7 2013q3/bin/../lib/gcc/arm-none-eabi/4.7.4/../../../../arm-none-eabi/lib/armv7e-m/fpu\libg.a(lib_a-mlock.o)
                0x080050e8                __malloc_lock
 .text.__malloc_unlock
                0x080050ec        0x4 c:/program files (x86)/gnu tools arm embedded/4.7 2013q3/bin/../lib/gcc/arm-none-eabi/4.7.4/../../../../arm-none-eabi/lib/armv7e-m/fpu\libg.a(lib_a-mlock.o)
                0x080050ec                __malloc_unlock
 .text._sbrk_r  0x080050f0       0x24 c:/program files (x86)/gnu tools arm embedded/4.7 2013q3/bin/../lib/gcc/arm-none-eabi/4.7.4/../../../../arm-none-eabi/lib/armv7e-m/fpu\libg.a(lib_a-sbrkr.o)
                0x080050f0                _sbrk_r
 .text.strncpy  0x08005114      0x110 c:/program files (x86)/gnu tools arm embedded/4.7 2013q3/bin/../lib/gcc/arm-none-eabi/4.7.4/../../../../arm-none-eabi/lib/armv7e-m/fpu\libg.a(lib_a-strncpy.o)
                0x08005114                strncpy
 .text._malloc_trim_r
                0x08005224       0x98 c:/program files (x86)/gnu tools arm embedded/4.7 2013q3/bin/../lib/gcc/arm-none-eabi/4.7.4/../../../../arm-none-eabi/lib/armv7e-m/fpu\libg.a(lib_a-freer.o)
                0x08005224                _malloc_trim_r
 .text._free_r  0x080052bc      0x194 c:/program files (x86)/gnu tools arm embedded/4.7 2013q3/bin/../lib/gcc/arm-none-eabi/4.7.4/../../../../arm-none-eabi/lib/armv7e-m/fpu\libg.a(lib_a-freer.o)
                0x080052bc                _free_r
 *(.init)
 *(.fini)
 *crtbegin.o(.ctors)
 *crtbegin?.o(.ctors)
 *(EXCLUDE_FILE(*crtend.o *crtend?.o) .ctors)
 *(SORT(.ctors.*))
 *(.ctors)
 *crtbegin.o(.dtors)
 *crtbegin?.o(.dtors)
 *(EXCLUDE_FILE(*crtend.o *crtend?.o) .dtors)
 *(SORT(.dtors.*))
 *(.dtors)
 *(.rodata*)
 .rodata        0x08005450       0x1c ..\obj\main.o
 .rodata        0x0800546c       0x60 ..\obj\tasks.o
 .rodata.str1.4
                0x080054cc        0x4 c:/program files (x86)/gnu tools arm embedded/4.7 2013q3/bin/../lib/gcc/arm-none-eabi/4.7.4/../../../../arm-none-eabi/lib/armv7e-m/fpu\libg.a(lib_a-impure.o)
 *(.eh_fram e*)

.glue_7         0x080054d0        0x0
 .glue_7        0x00000000        0x0 linker stubs

.glue_7t        0x080054d0        0x0
 .glue_7t       0x00000000        0x0 linker stubs

.vfp11_veneer   0x080054d0        0x0
 .vfp11_veneer  0x00000000        0x0 linker stubs

.v4_bx          0x080054d0        0x0
 .v4_bx         0x00000000        0x0 linker stubs

.iplt           0x080054d0        0x0
 .iplt          0x00000000        0x0 ..\obj\stm32f4xx_syscfg.o

.rel.dyn        0x080054d0        0x0
 .rel.iplt      0x00000000        0x0 ..\obj\stm32f4xx_syscfg.o

.ARM.extab
 *(.ARM.extab* .gnu.linkonce.armextab.*)
                0x080054d0                __exidx_start = .

.ARM.exidx
 *(.ARM.exidx* .gnu.linkonce.armexidx.*)
                0x080054d0                __exidx_end = .
                0x080054d0                __etext = .
                0x080054d0                _sidata = __etext

.data           0x20000000      0x85c load address 0x080054d0
                0x20000000                __data_start__ = .
                0x20000000                _sdata = __data_start__
 *(vtable)
 *(.data*)
 .data          0x20000000        0x1 ..\obj\camera.o
 *fill*         0x20000001        0x3 00
 .data          0x20000004        0x4 ..\obj\tasks.o
 .data          0x20000008       0x14 ..\obj\system_stm32f4xx.o
                0x20000008                SystemCoreClock
                0x2000000c                AHBPrescTable
 .data          0x2000001c        0x4 ..\obj\port.o
 .data.__malloc_av_
                0x20000020      0x408 c:/program files (x86)/gnu tools arm embedded/4.7 2013q3/bin/../lib/gcc/arm-none-eabi/4.7.4/../../../../arm-none-eabi/lib/armv7e-m/fpu\libg.a(lib_a-mallocr.o)
                0x20000020                __malloc_av_
 .data.__malloc_trim_threshold
                0x20000428        0x4 c:/program files (x86)/gnu tools arm embedded/4.7 2013q3/bin/../lib/gcc/arm-none-eabi/4.7.4/../../../../arm-none-eabi/lib/armv7e-m/fpu\libg.a(lib_a-mallocr.o)
                0x20000428                __malloc_trim_threshold
 .data.__malloc_sbrk_base
                0x2000042c        0x4 c:/program files (x86)/gnu tools arm embedded/4.7 2013q3/bin/../lib/gcc/arm-none-eabi/4.7.4/../../../../arm-none-eabi/lib/armv7e-m/fpu\libg.a(lib_a-mallocr.o)
                0x2000042c                __malloc_sbrk_base
 .data.impure_data
                0x20000430      0x428 c:/program files (x86)/gnu tools arm embedded/4.7 2013q3/bin/../lib/gcc/arm-none-eabi/4.7.4/../../../../arm-none-eabi/lib/armv7e-m/fpu\libg.a(lib_a-impure.o)
 .data._impure_ptr
                0x20000858        0x4 c:/program files (x86)/gnu tools arm embedded/4.7 2013q3/bin/../lib/gcc/arm-none-eabi/4.7.4/../../../../arm-none-eabi/lib/armv7e-m/fpu\libg.a(lib_a-impure.o)
                0x20000858                _impure_ptr
                0x2000085c                . = ALIGN (0x4)
                0x2000085c                PROVIDE (__preinit_array_start, .)
 *(.preinit_array)
                0x2000085c                PROVIDE (__preinit_array_end, .)
                0x2000085c                . = ALIGN (0x4)
                0x2000085c                PROVIDE (__init_array_start, .)
 *(SORT(.init_array.*))
 *(.init_array)
                0x2000085c                PROVIDE (__init_array_end, .)
                0x2000085c                . = ALIGN (0x4)
                0x2000085c                PROVIDE (__fini_array_start, .)
 *(SORT(.fini_array.*))
 *(.fini_array)
                0x2000085c                PROVIDE (__fini_array_end, .)
 *(.jcr*)
                0x2000085c                . = ALIGN (0x4)
                0x2000085c                __data_end__ = .
                0x2000085c                _edata = __data_end__

.igot.plt       0x2000085c        0x0 load address 0x08005d2c
 .igot.plt      0x00000000        0x0 ..\obj\stm32f4xx_syscfg.o

.bss            0x2000085c      0x3ac load address 0x08005d2c
                0x2000085c                . = ALIGN (0x4)
                0x2000085c                __bss_start__ = .
                0x2000085c                _sbss = __bss_start__
 *(.bss*)
 .bss           0x2000085c       0x14 ..\obj\main.o
                0x2000085c                ucCompteur
                0x2000085d                X_Value0
                0x2000085e                Y_Value0
                0x2000085f                X_Value1
                0x20000860                Y_Value1
                0x20000864                xSemaphoreSERVO
                0x20000868                xSemaphoreACC
 .bss           0x20000870      0x13c ..\obj\tasks.o
                0x20000870                pxCurrentTCB
 .bss           0x200009ac        0x4 ..\obj\syscalls.o
 .bss.__malloc_max_total_mem
                0x200009b0        0x4 c:/program files (x86)/gnu tools arm embedded/4.7 2013q3/bin/../lib/gcc/arm-none-eabi/4.7.4/../../../../arm-none-eabi/lib/armv7e-m/fpu\libg.a(lib_a-mallocr.o)
                0x200009b0                __malloc_max_total_mem
 .bss.__malloc_max_sbrked_mem
                0x200009b4        0x4 c:/program files (x86)/gnu tools arm embedded/4.7 2013q3/bin/../lib/gcc/arm-none-eabi/4.7.4/../../../../arm-none-eabi/lib/armv7e-m/fpu\libg.a(lib_a-mallocr.o)
                0x200009b4                __malloc_max_sbrked_mem
 .bss.__malloc_top_pad
                0x200009b8        0x4 c:/program files (x86)/gnu tools arm embedded/4.7 2013q3/bin/../lib/gcc/arm-none-eabi/4.7.4/../../../../arm-none-eabi/lib/armv7e-m/fpu\libg.a(lib_a-mallocr.o)
                0x200009b8                __malloc_top_pad
 .bss.__malloc_current_mallinfo
                0x200009bc       0x28 c:/program files (x86)/gnu tools arm embedded/4.7 2013q3/bin/../lib/gcc/arm-none-eabi/4.7.4/../../../../arm-none-eabi/lib/armv7e-m/fpu\libg.a(lib_a-mallocr.o)
                0x200009bc                __malloc_current_mallinfo
 *(COMMON)
 COMMON         0x200009e4        0xc ..\obj\camera.o
                0x200009e4                PID_Servo
 COMMON         0x200009f0      0x200 ..\obj\main.o
                0x200009f0                ADCResult1
 COMMON         0x20000bf0       0x14 ..\obj\PID.o
                0x20000bf0                erreur
                0x20000bf4                previous_error
                0x20000bf8                var_erreur
                0x20000bfc                commande
                0x20000c00                somme_erreur
 COMMON         0x20000c04        0x4 c:/program files (x86)/gnu tools arm embedded/4.7 2013q3/bin/../lib/gcc/arm-none-eabi/4.7.4/../../../../arm-none-eabi/lib/armv7e-m/fpu\libg.a(lib_a-reent.o)
                0x20000c04                errno
                0x20000c08                . = ALIGN (0x4)
                0x20000c08                __bss_end__ = .
                0x20000c08                _ebss = __bss_end__

.heap           0x20000c08     0x1000
                0x20000c08                __end__ = .
                0x20000c08                _end = __end__
                0x20000c08                end = __end__
 *(.heap*)
 .heap          0x20000c08     0x1000 ..\obj\startup_stm32f4xx.o
                0x20000c08                __HeapPool
                0x20001c08                __HeapLimit = .

.co_stack       0x20001c08      0x800 load address 0x080070d8
                0x20001c08                . = ALIGN (0x8)
 *(.co_stack .co_stack.*)
 .co_stack      0x20001c08      0x800 ..\obj\startup_stm32f4xx.o
                0x20001c08                pulStack
                0x20020000                __StackTop = (ORIGIN (ram) + 0x20000)
                0x2001f800                __StackLimit = (__StackTop - SIZEOF (.co_stack))
                0x20020000                PROVIDE (__stack, __StackTop)
                0x00000001                ASSERT ((__StackLimit >= __HeapLimit), region ram  overflowed with stack)
LOAD ..\obj\stm32f4xx_syscfg.o
LOAD ..\obj\camera.o
LOAD ..\obj\led.o
LOAD ..\obj\startup_stm32f4xx.o
LOAD ..\obj\Propultion.o
LOAD ..\obj\main.o
LOAD ..\obj\Additional_Features.o
LOAD ..\obj\stm32f4xx_rcc.o
LOAD ..\obj\interruption.o
LOAD ..\obj\timers.o
LOAD ..\obj\stm32f4xx_adc.o
LOAD ..\obj\tasks.o
LOAD ..\obj\servo.o
LOAD ..\obj\stm32f4xx_gpio.o
LOAD ..\obj\list.o
LOAD ..\obj\system_stm32f4xx.o
LOAD ..\obj\syscalls.o
LOAD ..\obj\stm32f4xx_dma.o
LOAD ..\obj\adc.o
LOAD ..\obj\PID.o
LOAD ..\obj\port.o
LOAD ..\obj\queue.o
LOAD ..\obj\croutine.o
LOAD ..\obj\stm32f4xx_spi.o
LOAD ..\obj\stm32f4xx_exti.o
LOAD ..\obj\misc.o
LOAD ..\obj\Accelerometre.o
LOAD ..\obj\stm32f4_discovery_lis302dl.o
LOAD ..\obj\stm32f4xx_tim.o
START GROUP
LOAD c:/program files (x86)/gnu tools arm embedded/4.7 2013q3/bin/../lib/gcc/arm-none-eabi/4.7.4/armv7e-m/fpu\libgcc.a
LOAD c:/program files (x86)/gnu tools arm embedded/4.7 2013q3/bin/../lib/gcc/arm-none-eabi/4.7.4/../../../../arm-none-eabi/lib/armv7e-m/fpu\libg.a
LOAD c:/program files (x86)/gnu tools arm embedded/4.7 2013q3/bin/../lib/gcc/arm-none-eabi/4.7.4/../../../../arm-none-eabi/lib/armv7e-m/fpu\libc.a
END GROUP
OUTPUT(freeRTOS.elf elf32-littlearm)

.debug_info     0x00000000     0xb6ef
 .debug_info    0x00000000      0x279 ..\obj\stm32f4xx_syscfg.o
 .debug_info    0x00000279      0x702 ..\obj\camera.o
 .debug_info    0x0000097b      0x62d ..\obj\led.o
 .debug_info    0x00000fa8      0x126 ..\obj\startup_stm32f4xx.o
 .debug_info    0x000010ce      0x7f2 ..\obj\Propultion.o
 .debug_info    0x000018c0      0x50f ..\obj\main.o
 .debug_info    0x00001dcf      0x2a8 ..\obj\Additional_Features.o
 .debug_info    0x00002077      0xd49 ..\obj\stm32f4xx_rcc.o
 .debug_info    0x00002dc0      0x482 ..\obj\interruption.o
 .debug_info    0x00003242      0xd14 ..\obj\stm32f4xx_adc.o
 .debug_info    0x00003f56     0x11ff ..\obj\tasks.o
 .debug_info    0x00005155      0x67e ..\obj\servo.o
 .debug_info    0x000057d3      0x640 ..\obj\stm32f4xx_gpio.o
 .debug_info    0x00005e13      0x2d4 ..\obj\list.o
 .debug_info    0x000060e7      0x5f5 ..\obj\system_stm32f4xx.o
 .debug_info    0x000066dc      0x443 ..\obj\syscalls.o
 .debug_info    0x00006b1f      0x5e4 ..\obj\adc.o
 .debug_info    0x00007103      0x1b9 ..\obj\PID.o
 .debug_info    0x000072bc      0x23c ..\obj\port.o
 .debug_info    0x000074f8      0x794 ..\obj\queue.o
 .debug_info    0x00007c8c      0xbde ..\obj\stm32f4xx_spi.o
 .debug_info    0x0000886a      0x373 ..\obj\stm32f4xx_exti.o
 .debug_info    0x00008bdd      0x592 ..\obj\misc.o
 .debug_info    0x0000916f      0x703 ..\obj\Accelerometre.o
 .debug_info    0x00009872     0x1e7d ..\obj\stm32f4xx_tim.o

.debug_abbrev   0x00000000     0x207c
 .debug_abbrev  0x00000000      0x133 ..\obj\stm32f4xx_syscfg.o
 .debug_abbrev  0x00000133      0x148 ..\obj\camera.o
 .debug_abbrev  0x0000027b       0xff ..\obj\led.o
 .debug_abbrev  0x0000037a       0xb2 ..\obj\startup_stm32f4xx.o
 .debug_abbrev  0x0000042c      0x175 ..\obj\Propultion.o
 .debug_abbrev  0x000005a1      0x18e ..\obj\main.o
 .debug_abbrev  0x0000072f       0xff ..\obj\Additional_Features.o
 .debug_abbrev  0x0000082e      0x1e5 ..\obj\stm32f4xx_rcc.o
 .debug_abbrev  0x00000a13       0xf3 ..\obj\interruption.o
 .debug_abbrev  0x00000b06      0x198 ..\obj\stm32f4xx_adc.o
 .debug_abbrev  0x00000c9e      0x23f ..\obj\tasks.o
 .debug_abbrev  0x00000edd      0x130 ..\obj\servo.o
 .debug_abbrev  0x0000100d      0x1a5 ..\obj\stm32f4xx_gpio.o
 .debug_abbrev  0x000011b2       0xb5 ..\obj\list.o
 .debug_abbrev  0x00001267      0x138 ..\obj\system_stm32f4xx.o
 .debug_abbrev  0x0000139f       0xe4 ..\obj\syscalls.o
 .debug_abbrev  0x00001483      0x153 ..\obj\adc.o
 .debug_abbrev  0x000015d6       0xd7 ..\obj\PID.o
 .debug_abbrev  0x000016ad      0x15b ..\obj\port.o
 .debug_abbrev  0x00001808      0x165 ..\obj\queue.o
 .debug_abbrev  0x0000196d      0x169 ..\obj\stm32f4xx_spi.o
 .debug_abbrev  0x00001ad6      0x1a7 ..\obj\stm32f4xx_exti.o
 .debug_abbrev  0x00001c7d      0x129 ..\obj\misc.o
 .debug_abbrev  0x00001da6      0x14d ..\obj\Accelerometre.o
 .debug_abbrev  0x00001ef3      0x189 ..\obj\stm32f4xx_tim.o

.debug_loc      0x00000000     0x4c74
 .debug_loc     0x00000000      0x144 ..\obj\stm32f4xx_syscfg.o
 .debug_loc     0x00000144       0xa8 ..\obj\camera.o
 .debug_loc     0x000001ec       0xa8 ..\obj\led.o
 .debug_loc     0x00000294       0x64 ..\obj\startup_stm32f4xx.o
 .debug_loc     0x000002f8      0x1f8 ..\obj\Propultion.o
 .debug_loc     0x000004f0      0x138 ..\obj\main.o
 .debug_loc     0x00000628       0x38 ..\obj\Additional_Features.o
 .debug_loc     0x00000660      0x97c ..\obj\stm32f4xx_rcc.o
 .debug_loc     0x00000fdc       0x38 ..\obj\interruption.o
 .debug_loc     0x00001014      0x838 ..\obj\stm32f4xx_adc.o
 .debug_loc     0x0000184c      0x8f6 ..\obj\tasks.o
 .debug_loc     0x00002142       0x70 ..\obj\servo.o
 .debug_loc     0x000021b2      0x310 ..\obj\stm32f4xx_gpio.o
 .debug_loc     0x000024c2      0x118 ..\obj\list.o
 .debug_loc     0x000025da       0x9c ..\obj\system_stm32f4xx.o
 .debug_loc     0x00002676      0x1ec ..\obj\syscalls.o
 .debug_loc     0x00002862       0xe0 ..\obj\adc.o
 .debug_loc     0x00002942       0x64 ..\obj\PID.o
 .debug_loc     0x000029a6      0x178 ..\obj\port.o
 .debug_loc     0x00002b1e      0x380 ..\obj\queue.o
 .debug_loc     0x00002e9e      0x578 ..\obj\stm32f4xx_spi.o
 .debug_loc     0x00003416      0x1b4 ..\obj\stm32f4xx_exti.o
 .debug_loc     0x000035ca      0x118 ..\obj\misc.o
 .debug_loc     0x000036e2      0x172 ..\obj\Accelerometre.o
 .debug_loc     0x00003854     0x1420 ..\obj\stm32f4xx_tim.o

.debug_aranges  0x00000000      0xd88
 .debug_aranges
                0x00000000       0x48 ..\obj\stm32f4xx_syscfg.o
 .debug_aranges
                0x00000048       0x30 ..\obj\camera.o
 .debug_aranges
                0x00000078       0x30 ..\obj\led.o
 .debug_aranges
                0x000000a8       0x28 ..\obj\startup_stm32f4xx.o
 .debug_aranges
                0x000000d0       0x60 ..\obj\Propultion.o
 .debug_aranges
                0x00000130       0x48 ..\obj\main.o
 .debug_aranges
                0x00000178       0x20 ..\obj\Additional_Features.o
 .debug_aranges
                0x00000198      0x178 ..\obj\stm32f4xx_rcc.o
 .debug_aranges
                0x00000310       0x20 ..\obj\interruption.o
 .debug_aranges
                0x00000330      0x148 ..\obj\stm32f4xx_adc.o
 .debug_aranges
                0x00000478      0x168 ..\obj\tasks.o
 .debug_aranges
                0x000005e0       0x28 ..\obj\servo.o
 .debug_aranges
                0x00000608       0x88 ..\obj\stm32f4xx_gpio.o
 .debug_aranges
                0x00000690       0x40 ..\obj\list.o
 .debug_aranges
                0x000006d0       0x30 ..\obj\system_stm32f4xx.o
 .debug_aranges
                0x00000700       0x60 ..\obj\syscalls.o
 .debug_aranges
                0x00000760       0x38 ..\obj\adc.o
 .debug_aranges
                0x00000798       0x28 ..\obj\PID.o
 .debug_aranges
                0x000007c0       0x70 ..\obj\port.o
 .debug_aranges
                0x00000830       0x98 ..\obj\queue.o
 .debug_aranges
                0x000008c8       0xe0 ..\obj\stm32f4xx_spi.o
 .debug_aranges
                0x000009a8       0x58 ..\obj\stm32f4xx_exti.o
 .debug_aranges
                0x00000a00       0x40 ..\obj\misc.o
 .debug_aranges
                0x00000a40       0x50 ..\obj\Accelerometre.o
 .debug_aranges
                0x00000a90      0x2f8 ..\obj\stm32f4xx_tim.o

.debug_ranges   0x00000000      0xbf8
 .debug_ranges  0x00000000       0x38 ..\obj\stm32f4xx_syscfg.o
 .debug_ranges  0x00000038       0x20 ..\obj\camera.o
 .debug_ranges  0x00000058       0x20 ..\obj\led.o
 .debug_ranges  0x00000078       0x18 ..\obj\startup_stm32f4xx.o
 .debug_ranges  0x00000090       0x50 ..\obj\Propultion.o
 .debug_ranges  0x000000e0       0x38 ..\obj\main.o
 .debug_ranges  0x00000118       0x10 ..\obj\Additional_Features.o
 .debug_ranges  0x00000128      0x168 ..\obj\stm32f4xx_rcc.o
 .debug_ranges  0x00000290       0x10 ..\obj\interruption.o
 .debug_ranges  0x000002a0      0x138 ..\obj\stm32f4xx_adc.o
 .debug_ranges  0x000003d8      0x158 ..\obj\tasks.o
 .debug_ranges  0x00000530       0x18 ..\obj\servo.o
 .debug_ranges  0x00000548       0x78 ..\obj\stm32f4xx_gpio.o
 .debug_ranges  0x000005c0       0x30 ..\obj\list.o
 .debug_ranges  0x000005f0       0x20 ..\obj\system_stm32f4xx.o
 .debug_ranges  0x00000610       0x50 ..\obj\syscalls.o
 .debug_ranges  0x00000660       0x28 ..\obj\adc.o
 .debug_ranges  0x00000688       0x18 ..\obj\PID.o
 .debug_ranges  0x000006a0       0x60 ..\obj\port.o
 .debug_ranges  0x00000700       0x88 ..\obj\queue.o
 .debug_ranges  0x00000788       0xd0 ..\obj\stm32f4xx_spi.o
 .debug_ranges  0x00000858       0x48 ..\obj\stm32f4xx_exti.o
 .debug_ranges  0x000008a0       0x30 ..\obj\misc.o
 .debug_ranges  0x000008d0       0x40 ..\obj\Accelerometre.o
 .debug_ranges  0x00000910      0x2e8 ..\obj\stm32f4xx_tim.o

.debug_line     0x00000000     0x5461
 .debug_line    0x00000000      0x1f7 ..\obj\stm32f4xx_syscfg.o
 .debug_line    0x000001f7      0x2c9 ..\obj\camera.o
 .debug_line    0x000004c0      0x22f ..\obj\led.o
 .debug_line    0x000006ef       0xb8 ..\obj\startup_stm32f4xx.o
 .debug_line    0x000007a7      0x344 ..\obj\Propultion.o
 .debug_line    0x00000aeb      0x3c6 ..\obj\main.o
 .debug_line    0x00000eb1      0x1ef ..\obj\Additional_Features.o
 .debug_line    0x000010a0      0x57e ..\obj\stm32f4xx_rcc.o
 .debug_line    0x0000161e      0x24b ..\obj\interruption.o
 .debug_line    0x00001869      0x537 ..\obj\stm32f4xx_adc.o
 .debug_line    0x00001da0      0x905 ..\obj\tasks.o
 .debug_line    0x000026a5      0x26a ..\obj\servo.o
 .debug_line    0x0000290f      0x322 ..\obj\stm32f4xx_gpio.o
 .debug_line    0x00002c31      0x274 ..\obj\list.o
 .debug_line    0x00002ea5      0x1c5 ..\obj\system_stm32f4xx.o
 .debug_line    0x0000306a      0x1a6 ..\obj\syscalls.o
 .debug_line    0x00003210      0x2b4 ..\obj\adc.o
 .debug_line    0x000034c4      0x1ab ..\obj\PID.o
 .debug_line    0x0000366f      0x334 ..\obj\port.o
 .debug_line    0x000039a3      0x4a4 ..\obj\queue.o
 .debug_line    0x00003e47      0x436 ..\obj\stm32f4xx_spi.o
 .debug_line    0x0000427d      0x288 ..\obj\stm32f4xx_exti.o
 .debug_line    0x00004505      0x228 ..\obj\misc.o
 .debug_line    0x0000472d      0x2d8 ..\obj\Accelerometre.o
 .debug_line    0x00004a05      0xa5c ..\obj\stm32f4xx_tim.o

.debug_str      0x00000000     0x4669
 .debug_str     0x00000000      0x259 ..\obj\stm32f4xx_syscfg.o
                                0x2a6 (size before relaxing)
 .debug_str     0x00000259      0x4b8 ..\obj\camera.o
                                0x5cf (size before relaxing)
 .debug_str     0x00000711       0x84 ..\obj\led.o
                                0x52b (size before relaxing)
 .debug_str     0x00000795       0xbf ..\obj\startup_stm32f4xx.o
                                0x123 (size before relaxing)
 .debug_str     0x00000854      0x128 ..\obj\Propultion.o
                                0x5e5 (size before relaxing)
 .debug_str     0x0000097c      0x19e ..\obj\main.o
                                0x329 (size before relaxing)
 .debug_str     0x00000b1a       0x6a ..\obj\Additional_Features.o
                                0x30e (size before relaxing)
 .debug_str     0x00000b84      0x640 ..\obj\stm32f4xx_rcc.o
                                0x7f7 (size before relaxing)
 .debug_str     0x000011c4      0x6c5 ..\obj\interruption.o
                                0x813 (size before relaxing)
 .debug_str     0x00001889      0x5e6 ..\obj\stm32f4xx_adc.o
                                0x7ab (size before relaxing)
 .debug_str     0x00001e6f      0xa11 ..\obj\tasks.o
                                0xb4a (size before relaxing)
 .debug_str     0x00002880       0x6c ..\obj\servo.o
                                0x547 (size before relaxing)
 .debug_str     0x000028ec      0x1a1 ..\obj\stm32f4xx_gpio.o
                                0x44a (size before relaxing)
 .debug_str     0x00002a8d       0xcf ..\obj\list.o
                                0x264 (size before relaxing)
 .debug_str     0x00002b5c      0x11c ..\obj\system_stm32f4xx.o
                                0x351 (size before relaxing)
 .debug_str     0x00002c78      0x167 ..\obj\syscalls.o
                                0x2a8 (size before relaxing)
 .debug_str     0x00002ddf       0xd9 ..\obj\adc.o
                                0x506 (size before relaxing)
 .debug_str     0x00002eb8       0x9a ..\obj\PID.o
                                0x1ba (size before relaxing)
 .debug_str     0x00002f52      0x154 ..\obj\port.o
                                0x28b (size before relaxing)
 .debug_str     0x000030a6      0x2d8 ..\obj\queue.o
                                0x4ee (size before relaxing)
 .debug_str     0x0000337e      0x3a3 ..\obj\stm32f4xx_spi.o
                                0x631 (size before relaxing)
 .debug_str     0x00003721      0x104 ..\obj\stm32f4xx_exti.o
                                0x315 (size before relaxing)
 .debug_str     0x00003825      0x15e ..\obj\misc.o
                                0x380 (size before relaxing)
 .debug_str     0x00003983      0x2e4 ..\obj\Accelerometre.o
                                0x698 (size before relaxing)
 .debug_str     0x00003c67      0xa02 ..\obj\stm32f4xx_tim.o
                                0xd77 (size before relaxing)

.comment        0x00000000       0x70
 .comment       0x00000000       0x70 ..\obj\stm32f4xx_syscfg.o
                                 0x71 (size before relaxing)
 .comment       0x00000000       0x71 ..\obj\camera.o
 .comment       0x00000000       0x71 ..\obj\led.o
 .comment       0x00000000       0x71 ..\obj\startup_stm32f4xx.o
 .comment       0x00000000       0x71 ..\obj\Propultion.o
 .comment       0x00000000       0x71 ..\obj\main.o
 .comment       0x00000000       0x71 ..\obj\Additional_Features.o
 .comment       0x00000000       0x71 ..\obj\stm32f4xx_rcc.o
 .comment       0x00000000       0x71 ..\obj\interruption.o
 .comment       0x00000000       0x71 ..\obj\stm32f4xx_adc.o
 .comment       0x00000000       0x71 ..\obj\tasks.o
 .comment       0x00000000       0x71 ..\obj\servo.o
 .comment       0x00000000       0x71 ..\obj\stm32f4xx_gpio.o
 .comment       0x00000000       0x71 ..\obj\list.o
 .comment       0x00000000       0x71 ..\obj\system_stm32f4xx.o
 .comment       0x00000000       0x71 ..\obj\syscalls.o
 .comment       0x00000000       0x71 ..\obj\adc.o
 .comment       0x00000000       0x71 ..\obj\PID.o
 .comment       0x00000000       0x71 ..\obj\port.o
 .comment       0x00000000       0x71 ..\obj\queue.o
 .comment       0x00000000       0x71 ..\obj\stm32f4xx_spi.o
 .comment       0x00000000       0x71 ..\obj\stm32f4xx_exti.o
 .comment       0x00000000       0x71 ..\obj\misc.o
 .comment       0x00000000       0x71 ..\obj\Accelerometre.o
 .comment       0x00000000       0x71 ..\obj\stm32f4xx_tim.o

.ARM.attributes
                0x00000000       0x3b
 .ARM.attributes
                0x00000000       0x3b ..\obj\stm32f4xx_syscfg.o
 .ARM.attributes
                0x0000003b       0x3b ..\obj\camera.o
 .ARM.attributes
                0x00000076       0x3b ..\obj\led.o
 .ARM.attributes
                0x000000b1       0x3b ..\obj\startup_stm32f4xx.o
 .ARM.attributes
                0x000000ec       0x3b ..\obj\Propultion.o
 .ARM.attributes
                0x00000127       0x3b ..\obj\main.o
 .ARM.attributes
                0x00000162       0x3b ..\obj\Additional_Features.o
 .ARM.attributes
                0x0000019d       0x3b ..\obj\stm32f4xx_rcc.o
 .ARM.attributes
                0x000001d8       0x3b ..\obj\interruption.o
 .ARM.attributes
                0x00000213       0x3b ..\obj\stm32f4xx_adc.o
 .ARM.attributes
                0x0000024e       0x3b ..\obj\tasks.o
 .ARM.attributes
                0x00000289       0x3b ..\obj\servo.o
 .ARM.attributes
                0x000002c4       0x3b ..\obj\stm32f4xx_gpio.o
 .ARM.attributes
                0x000002ff       0x3b ..\obj\list.o
 .ARM.attributes
                0x0000033a       0x3b ..\obj\system_stm32f4xx.o
 .ARM.attributes
                0x00000375       0x3b ..\obj\syscalls.o
 .ARM.attributes
                0x000003b0       0x3b ..\obj\adc.o
 .ARM.attributes
                0x000003eb       0x3b ..\obj\PID.o
 .ARM.attributes
                0x00000426       0x3b ..\obj\port.o
 .ARM.attributes
                0x00000461       0x3b ..\obj\queue.o
 .ARM.attributes
                0x0000049c       0x3b ..\obj\stm32f4xx_spi.o
 .ARM.attributes
                0x000004d7       0x3b ..\obj\stm32f4xx_exti.o
 .ARM.attributes
                0x00000512       0x3b ..\obj\misc.o
 .ARM.attributes
                0x0000054d       0x3b ..\obj\Accelerometre.o
 .ARM.attributes
                0x00000588       0x3b ..\obj\stm32f4xx_tim.o
 .ARM.attributes
                0x000005c3       0x24 c:/program files (x86)/gnu tools arm embedded/4.7 2013q3/bin/../lib/gcc/arm-none-eabi/4.7.4/armv7e-m/fpu\libgcc.a(_arm_addsubdf3.o)
 .ARM.attributes
                0x000005e7       0x24 c:/program files (x86)/gnu tools arm embedded/4.7 2013q3/bin/../lib/gcc/arm-none-eabi/4.7.4/armv7e-m/fpu\libgcc.a(_arm_muldivdf3.o)
 .ARM.attributes
                0x0000060b       0x24 c:/program files (x86)/gnu tools arm embedded/4.7 2013q3/bin/../lib/gcc/arm-none-eabi/4.7.4/armv7e-m/fpu\libgcc.a(_arm_fixunsdfsi.o)
 .ARM.attributes
                0x0000062f       0x36 c:/program files (x86)/gnu tools arm embedded/4.7 2013q3/bin/../lib/gcc/arm-none-eabi/4.7.4/../../../../arm-none-eabi/lib/armv7e-m/fpu\libg.a(lib_a-malloc.o)
 .ARM.attributes
                0x00000665       0x36 c:/program files (x86)/gnu tools arm embedded/4.7 2013q3/bin/../lib/gcc/arm-none-eabi/4.7.4/../../../../arm-none-eabi/lib/armv7e-m/fpu\libg.a(lib_a-mallocr.o)
 .ARM.attributes
                0x0000069b       0x36 c:/program files (x86)/gnu tools arm embedded/4.7 2013q3/bin/../lib/gcc/arm-none-eabi/4.7.4/../../../../arm-none-eabi/lib/armv7e-m/fpu\libg.a(lib_a-memcpy.o)
 .ARM.attributes
                0x000006d1       0x36 c:/program files (x86)/gnu tools arm embedded/4.7 2013q3/bin/../lib/gcc/arm-none-eabi/4.7.4/../../../../arm-none-eabi/lib/armv7e-m/fpu\libg.a(lib_a-memset.o)
 .ARM.attributes
                0x00000707       0x36 c:/program files (x86)/gnu tools arm embedded/4.7 2013q3/bin/../lib/gcc/arm-none-eabi/4.7.4/../../../../arm-none-eabi/lib/armv7e-m/fpu\libg.a(lib_a-mlock.o)
 .ARM.attributes
                0x0000073d       0x36 c:/program files (x86)/gnu tools arm embedded/4.7 2013q3/bin/../lib/gcc/arm-none-eabi/4.7.4/../../../../arm-none-eabi/lib/armv7e-m/fpu\libg.a(lib_a-sbrkr.o)
 .ARM.attributes
                0x00000773       0x36 c:/program files (x86)/gnu tools arm embedded/4.7 2013q3/bin/../lib/gcc/arm-none-eabi/4.7.4/../../../../arm-none-eabi/lib/armv7e-m/fpu\libg.a(lib_a-strncpy.o)
 .ARM.attributes
                0x000007a9       0x36 c:/program files (x86)/gnu tools arm embedded/4.7 2013q3/bin/../lib/gcc/arm-none-eabi/4.7.4/../../../../arm-none-eabi/lib/armv7e-m/fpu\libg.a(lib_a-freer.o)
 .ARM.attributes
                0x000007df       0x36 c:/program files (x86)/gnu tools arm embedded/4.7 2013q3/bin/../lib/gcc/arm-none-eabi/4.7.4/../../../../arm-none-eabi/lib/armv7e-m/fpu\libg.a(lib_a-impure.o)
 .ARM.attributes
                0x00000815       0x36 c:/program files (x86)/gnu tools arm embedded/4.7 2013q3/bin/../lib/gcc/arm-none-eabi/4.7.4/../../../../arm-none-eabi/lib/armv7e-m/fpu\libg.a(lib_a-reent.o)

.debug_frame    0x00000000     0x2bc0
 .debug_frame   0x00000000       0xbc ..\obj\stm32f4xx_syscfg.o
 .debug_frame   0x000000bc       0x70 ..\obj\camera.o
 .debug_frame   0x0000012c       0x70 ..\obj\led.o
 .debug_frame   0x0000019c       0x48 ..\obj\startup_stm32f4xx.o
 .debug_frame   0x000001e4      0x12c ..\obj\Propultion.o
 .debug_frame   0x00000310       0xc8 ..\obj\main.o
 .debug_frame   0x000003d8       0x30 ..\obj\Additional_Features.o
 .debug_frame   0x00000408      0x4d8 ..\obj\stm32f4xx_rcc.o
 .debug_frame   0x000008e0       0x30 ..\obj\interruption.o
 .debug_frame   0x00000910      0x434 ..\obj\stm32f4xx_adc.o
 .debug_frame   0x00000d44      0x520 ..\obj\tasks.o
 .debug_frame   0x00001264       0x50 ..\obj\servo.o
 .debug_frame   0x000012b4      0x19c ..\obj\stm32f4xx_gpio.o
 .debug_frame   0x00001450       0x9c ..\obj\list.o
 .debug_frame   0x000014ec       0x64 ..\obj\system_stm32f4xx.o
 .debug_frame   0x00001550      0x108 ..\obj\syscalls.o
 .debug_frame   0x00001658       0x8c ..\obj\adc.o
 .debug_frame   0x000016e4       0x44 ..\obj\PID.o
 .debug_frame   0x00001728      0x110 ..\obj\port.o
 .debug_frame   0x00001838      0x204 ..\obj\queue.o
 .debug_frame   0x00001a3c      0x2d0 ..\obj\stm32f4xx_spi.o
 .debug_frame   0x00001d0c       0xec ..\obj\stm32f4xx_exti.o
 .debug_frame   0x00001df8       0x9c ..\obj\misc.o
 .debug_frame   0x00001e94       0xe8 ..\obj\Accelerometre.o
 .debug_frame   0x00001f7c      0xa3c ..\obj\stm32f4xx_tim.o
 .debug_frame   0x000029b8       0x30 c:/program files (x86)/gnu tools arm embedded/4.7 2013q3/bin/../lib/gcc/arm-none-eabi/4.7.4/../../../../arm-none-eabi/lib/armv7e-m/fpu\libg.a(lib_a-malloc.o)
 .debug_frame   0x000029e8       0x38 c:/program files (x86)/gnu tools arm embedded/4.7 2013q3/bin/../lib/gcc/arm-none-eabi/4.7.4/../../../../arm-none-eabi/lib/armv7e-m/fpu\libg.a(lib_a-mallocr.o)
 .debug_frame   0x00002a20       0x30 c:/program files (x86)/gnu tools arm embedded/4.7 2013q3/bin/../lib/gcc/arm-none-eabi/4.7.4/../../../../arm-none-eabi/lib/armv7e-m/fpu\libg.a(lib_a-memcpy.o)
 .debug_frame   0x00002a50       0x2c c:/program files (x86)/gnu tools arm embedded/4.7 2013q3/bin/../lib/gcc/arm-none-eabi/4.7.4/../../../../arm-none-eabi/lib/armv7e-m/fpu\libg.a(lib_a-memset.o)
 .debug_frame   0x00002a7c       0x30 c:/program files (x86)/gnu tools arm embedded/4.7 2013q3/bin/../lib/gcc/arm-none-eabi/4.7.4/../../../../arm-none-eabi/lib/armv7e-m/fpu\libg.a(lib_a-mlock.o)
 .debug_frame   0x00002aac       0x2c c:/program files (x86)/gnu tools arm embedded/4.7 2013q3/bin/../lib/gcc/arm-none-eabi/4.7.4/../../../../arm-none-eabi/lib/armv7e-m/fpu\libg.a(lib_a-sbrkr.o)
 .debug_frame   0x00002ad8       0x2c c:/program files (x86)/gnu tools arm embedded/4.7 2013q3/bin/../lib/gcc/arm-none-eabi/4.7.4/../../../../arm-none-eabi/lib/armv7e-m/fpu\libg.a(lib_a-strncpy.o)
 .debug_frame   0x00002b04       0x50 c:/program files (x86)/gnu tools arm embedded/4.7 2013q3/bin/../lib/gcc/arm-none-eabi/4.7.4/../../../../arm-none-eabi/lib/armv7e-m/fpu\libg.a(lib_a-freer.o)
 .debug_frame   0x00002b54       0x6c c:/program files (x86)/gnu tools arm embedded/4.7 2013q3/bin/../lib/gcc/arm-none-eabi/4.7.4/../../../../arm-none-eabi/lib/armv7e-m/fpu\libg.a(lib_a-reent.o)
