Archive member included because of file (symbol)

c:/program files (x86)/gnu tools arm embedded/4.7 2013q3/bin/../lib/gcc/arm-none-eabi/4.7.4/armv7e-m/softfp\libgcc.a(_arm_addsubdf3.o)
                              ..\obj\camera.o (__aeabi_dadd)
c:/program files (x86)/gnu tools arm embedded/4.7 2013q3/bin/../lib/gcc/arm-none-eabi/4.7.4/armv7e-m/softfp\libgcc.a(_arm_muldivdf3.o)
                              ..\obj\camera.o (__aeabi_dmul)
c:/program files (x86)/gnu tools arm embedded/4.7 2013q3/bin/../lib/gcc/arm-none-eabi/4.7.4/armv7e-m/softfp\libgcc.a(_arm_fixunsdfsi.o)
                              ..\obj\camera.o (__aeabi_d2uiz)
c:/program files (x86)/gnu tools arm embedded/4.7 2013q3/bin/../lib/gcc/arm-none-eabi/4.7.4/../../../../arm-none-eabi/lib/armv7e-m/softfp\libg.a(lib_a-malloc.o)
                              ..\obj\tasks.o (malloc)
c:/program files (x86)/gnu tools arm embedded/4.7 2013q3/bin/../lib/gcc/arm-none-eabi/4.7.4/../../../../arm-none-eabi/lib/armv7e-m/softfp\libg.a(lib_a-mallocr.o)
                              c:/program files (x86)/gnu tools arm embedded/4.7 2013q3/bin/../lib/gcc/arm-none-eabi/4.7.4/../../../../arm-none-eabi/lib/armv7e-m/softfp\libg.a(lib_a-malloc.o) (_malloc_r)
c:/program files (x86)/gnu tools arm embedded/4.7 2013q3/bin/../lib/gcc/arm-none-eabi/4.7.4/../../../../arm-none-eabi/lib/armv7e-m/softfp\libg.a(lib_a-memcpy.o)
                              ..\obj\queue.o (memcpy)
c:/program files (x86)/gnu tools arm embedded/4.7 2013q3/bin/../lib/gcc/arm-none-eabi/4.7.4/../../../../arm-none-eabi/lib/armv7e-m/softfp\libg.a(lib_a-memset.o)
                              ..\obj\tasks.o (memset)
c:/program files (x86)/gnu tools arm embedded/4.7 2013q3/bin/../lib/gcc/arm-none-eabi/4.7.4/../../../../arm-none-eabi/lib/armv7e-m/softfp\libg.a(lib_a-mlock.o)
                              c:/program files (x86)/gnu tools arm embedded/4.7 2013q3/bin/../lib/gcc/arm-none-eabi/4.7.4/../../../../arm-none-eabi/lib/armv7e-m/softfp\libg.a(lib_a-mallocr.o) (__malloc_lock)
c:/program files (x86)/gnu tools arm embedded/4.7 2013q3/bin/../lib/gcc/arm-none-eabi/4.7.4/../../../../arm-none-eabi/lib/armv7e-m/softfp\libg.a(lib_a-sbrkr.o)
                              c:/program files (x86)/gnu tools arm embedded/4.7 2013q3/bin/../lib/gcc/arm-none-eabi/4.7.4/../../../../arm-none-eabi/lib/armv7e-m/softfp\libg.a(lib_a-mallocr.o) (_sbrk_r)
c:/program files (x86)/gnu tools arm embedded/4.7 2013q3/bin/../lib/gcc/arm-none-eabi/4.7.4/../../../../arm-none-eabi/lib/armv7e-m/softfp\libg.a(lib_a-sprintf.o)
                              ..\obj\tasks.o (sprintf)
c:/program files (x86)/gnu tools arm embedded/4.7 2013q3/bin/../lib/gcc/arm-none-eabi/4.7.4/../../../../arm-none-eabi/lib/armv7e-m/softfp\libg.a(lib_a-strcat.o)
                              ..\obj\tasks.o (strcat)
c:/program files (x86)/gnu tools arm embedded/4.7 2013q3/bin/../lib/gcc/arm-none-eabi/4.7.4/../../../../arm-none-eabi/lib/armv7e-m/softfp\libg.a(lib_a-strcpy.o)
                              c:/program files (x86)/gnu tools arm embedded/4.7 2013q3/bin/../lib/gcc/arm-none-eabi/4.7.4/../../../../arm-none-eabi/lib/armv7e-m/softfp\libg.a(lib_a-strcat.o) (strcpy)
c:/program files (x86)/gnu tools arm embedded/4.7 2013q3/bin/../lib/gcc/arm-none-eabi/4.7.4/../../../../arm-none-eabi/lib/armv7e-m/softfp\libg.a(lib_a-strlen.o)
                              ..\obj\tasks.o (strlen)
c:/program files (x86)/gnu tools arm embedded/4.7 2013q3/bin/../lib/gcc/arm-none-eabi/4.7.4/../../../../arm-none-eabi/lib/armv7e-m/softfp\libg.a(lib_a-strncpy.o)
                              ..\obj\tasks.o (strncpy)
c:/program files (x86)/gnu tools arm embedded/4.7 2013q3/bin/../lib/gcc/arm-none-eabi/4.7.4/../../../../arm-none-eabi/lib/armv7e-m/softfp\libg.a(lib_a-svfprintf.o)
                              c:/program files (x86)/gnu tools arm embedded/4.7 2013q3/bin/../lib/gcc/arm-none-eabi/4.7.4/../../../../arm-none-eabi/lib/armv7e-m/softfp\libg.a(lib_a-sprintf.o) (_svfprintf_r)
c:/program files (x86)/gnu tools arm embedded/4.7 2013q3/bin/../lib/gcc/arm-none-eabi/4.7.4/../../../../arm-none-eabi/lib/armv7e-m/softfp\libg.a(lib_a-dtoa.o)
                              c:/program files (x86)/gnu tools arm embedded/4.7 2013q3/bin/../lib/gcc/arm-none-eabi/4.7.4/../../../../arm-none-eabi/lib/armv7e-m/softfp\libg.a(lib_a-svfprintf.o) (_dtoa_r)
c:/program files (x86)/gnu tools arm embedded/4.7 2013q3/bin/../lib/gcc/arm-none-eabi/4.7.4/../../../../arm-none-eabi/lib/armv7e-m/softfp\libg.a(lib_a-freer.o)
                              c:/program files (x86)/gnu tools arm embedded/4.7 2013q3/bin/../lib/gcc/arm-none-eabi/4.7.4/../../../../arm-none-eabi/lib/armv7e-m/softfp\libg.a(lib_a-malloc.o) (_free_r)
c:/program files (x86)/gnu tools arm embedded/4.7 2013q3/bin/../lib/gcc/arm-none-eabi/4.7.4/../../../../arm-none-eabi/lib/armv7e-m/softfp\libg.a(lib_a-impure.o)
[...]
Memory Configuration

Name             Origin             Length             Attributes
rom              0x08000000         0x00100000         xr
ram              0x20000000         0x00020000         xrw
ram1             0x10000000         0x00010000         xrw
*default*        0x00000000         0xffffffff

Linker script and memory map

                0x20020000                _eram = 0x20020000

.text           0x08000000     0x4d9c
 *(.isr_vector .isr_vector.*)
 .isr_vector    0x08000000      0x188 ..\obj\startup_stm32f4xx.o
                0x08000000                g_pfnVectors
 *(.text .text.* .gnu.linkonce.t.*)
 .text.SYSCFG_EXTILineConfig
                0x08000188       0xb0 ..\obj\stm32f4xx_syscfg.o
                0x08000188                SYSCFG_EXTILineConfig
 .text.vTraitementLigne
                0x08000238      0x210 ..\obj\camera.o
                0x08000238                vTraitementLigne
 .text.vClockCamera_Timer4_CH1_PB6
                0x08000448       0xfc ..\obj\camera.o
                0x08000448                vClockCamera_Timer4_CH1_PB6
 .text.vSICameraGpio_PE0
                0x08000544       0x48 ..\obj\camera.o
                0x08000544                vSICameraGpio_PE0
 .text.vLedCamera_Timer2_CH4_PB11
                0x0800058c       0xe8 ..\obj\led.o
                0x0800058c                vLedCamera_Timer2_CH4_PB11
 .text.vLedBattery_GpioPD0134
                0x08000674       0x48 ..\obj\led.o
                0x08000674                vLedBattery_GpioPD0134
 .text.Default_Reset_Handler
                0x080006bc       0xa4 ..\obj\startup_stm32f4xx.o
                0x080006bc                Default_Reset_Handler
                0x080006bc                Reset_Handler
 .text.Default_Handler
                0x08000760        0x8 ..\obj\startup_stm32f4xx.o
                0x08000760                RTC_Alarm_IRQHandler
                0x08000760                HASH_RNG_IRQHandler
                0x08000760                EXTI2_IRQHandler
                0x08000760                TIM8_CC_IRQHandler
                0x08000760                DebugMon_Handler
                0x08000760                TIM1_CC_IRQHandler
                0x08000760                DMA2_Stream5_IRQHandler
                0x08000760                HardFault_Handler
                0x08000760                DMA1_Stream5_IRQHandler
                0x08000760                PVD_IRQHandler
                0x08000760                SDIO_IRQHandler
                0x08000760                TAMP_STAMP_IRQHandler
                0x08000760                NMI_Handler
                0x08000760                CAN2_RX1_IRQHandler
                0x08000760                EXTI3_IRQHandler
                0x08000760                TIM8_TRG_COM_TIM14_IRQHandler
                0x08000760                TIM1_UP_TIM10_IRQHandler
                0x08000760                TIM8_UP_TIM13_IRQHandler
                0x08000760                I2C3_ER_IRQHandler
                0x08000760                EXTI0_IRQHandler
                0x08000760                I2C2_EV_IRQHandler
                0x08000760                DMA1_Stream2_IRQHandler
                0x08000760                CAN1_RX0_IRQHandler
                0x08000760                FPU_IRQHandler
                0x08000760                OTG_HS_WKUP_IRQHandler
                0x08000760                UsageFault_Handler
                0x08000760                CAN2_SCE_IRQHandler
                0x08000760                DMA2_Stream2_IRQHandler
                0x08000760                SPI1_IRQHandler
                0x08000760                TIM6_DAC_IRQHandler
                0x08000760                TIM1_BRK_TIM9_IRQHandler
                0x08000760                DCMI_IRQHandler
                0x08000760                CAN2_RX0_IRQHandler
                0x08000760                DMA2_Stream3_IRQHandler
                0x08000760                USART6_IRQHandler
                0x08000760                USART3_IRQHandler
                0x08000760                CRYP_IRQHandler
                0x08000760                CAN1_RX1_IRQHandler
                0x08000760                UART5_IRQHandler
                0x08000760                DMA2_Stream0_IRQHandler
                0x08000760                TIM4_IRQHandler
                0x08000760                I2C1_EV_IRQHandler
                0x08000760                DMA1_Stream6_IRQHandler
                0x08000760                DMA1_Stream1_IRQHandler
                0x08000760                UART4_IRQHandler
                0x08000760                TIM3_IRQHandler
                0x08000760                RCC_IRQHandler
                0x08000760                TIM8_BRK_TIM12_IRQHandler
                0x08000760                EXTI15_10_IRQHandler
                0x08000760                ADC_IRQHandler
                0x08000760                DMA1_Stream7_IRQHandler
                0x08000760                TIM7_IRQHandler
                0x08000760                CAN2_TX_IRQHandler
                0x08000760                TIM5_IRQHandler
                0x08000760                DMA2_Stream7_IRQHandler
                0x08000760                I2C3_EV_IRQHandler
                0x08000760                RTC_WKUP_IRQHandler
                0x08000760                ETH_WKUP_IRQHandler
                0x08000760                SPI2_IRQHandler
                0x08000760                OTG_HS_EP1_IN_IRQHandler
                0x08000760                MemManage_Handler
                0x08000760                DMA1_Stream0_IRQHandler
                0x08000760                CAN1_TX_IRQHandler
                0x08000760                EXTI4_IRQHandler
                0x08000760                FSMC_IRQHandler
                0x08000760                ETH_IRQHandler
                0x08000760                OTG_HS_EP1_OUT_IRQHandler
                0x08000760                WWDG_IRQHandler
                0x08000760                TIM2_IRQHandler
                0x08000760                OTG_FS_WKUP_IRQHandler
                0x08000760                TIM1_TRG_COM_TIM11_IRQHandler
                0x08000760                OTG_HS_IRQHandler
                0x08000760                EXTI1_IRQHandler
                0x08000760                USART2_IRQHandler
                0x08000760                I2C2_ER_IRQHandler
                0x08000760                DMA2_Stream1_IRQHandler
                0x08000760                CAN1_SCE_IRQHandler
                0x08000760                FLASH_IRQHandler
                0x08000760                DMA2_Stream4_IRQHandler
                0x08000760                BusFault_Handler
                0x08000760                USART1_IRQHandler
                0x08000760                OTG_FS_IRQHandler
                0x08000760                SPI3_IRQHandler
                0x08000760                DMA1_Stream4_IRQHandler
                0x08000760                I2C1_ER_IRQHandler
                0x08000760                DMA2_Stream6_IRQHandler
                0x08000760                DMA1_Stream3_IRQHandler
 .text.vStartButton_GpioE3
                0x08000768       0x48 ..\obj\Propultion.o
                0x08000768                vStartButton_GpioE3
 .text.vEnableMoteur_GPIO_PE2
                0x080007b0       0x60 ..\obj\Propultion.o
                0x080007b0                vEnableMoteur_GPIO_PE2
 .text.main     0x08000810      0x1fc ..\obj\main.o
                0x08000810                main
 .text.EXTI9_5_IRQHandler
                0x08000a0c      0x120 ..\obj\main.o
                0x08000a0c                EXTI9_5_IRQHandler
 .text.AoAdc    0x08000b2c       0x28 ..\obj\main.o
                0x08000b2c                AoAdc
 .text.ServoMoteur
                0x08000b54       0x7c ..\obj\main.o
                0x08000b54                ServoMoteur
 .text.BarGraph
                0x08000bd0      0x194 ..\obj\main.o
                0x08000bd0                BarGraph
 .text.RCC_AHB1PeriphClockCmd
                0x08000d64       0x54 ..\obj\stm32f4xx_rcc.o
                0x08000d64                RCC_AHB1PeriphClockCmd
 .text.RCC_APB1PeriphClockCmd
                0x08000db8       0x54 ..\obj\stm32f4xx_rcc.o
                0x08000db8                RCC_APB1PeriphClockCmd
 .text.RCC_APB2PeriphClockCmd
                0x08000e0c       0x54 ..\obj\stm32f4xx_rcc.o
                0x08000e0c                RCC_APB2PeriphClockCmd
 .text.EXTILine6_Config_PB6
                0x08000e60       0x74 ..\obj\interruption.o
                0x08000e60                EXTILine6_Config_PB6
 .text.ADC_Init
                0x08000ed4       0xb8 ..\obj\stm32f4xx_adc.o
                0x08000ed4                ADC_Init
 .text.ADC_StructInit
                0x08000f8c       0x4c ..\obj\stm32f4xx_adc.o
                0x08000f8c                ADC_StructInit
 .text.ADC_CommonInit
                0x08000fd8       0x5c ..\obj\stm32f4xx_adc.o
                0x08000fd8                ADC_CommonInit
 .text.ADC_Cmd  0x08001034       0x38 ..\obj\stm32f4xx_adc.o
                0x08001034                ADC_Cmd
 .text.ADC_RegularChannelConfig
                0x0800106c      0x1bc ..\obj\stm32f4xx_adc.o
                0x0800106c                ADC_RegularChannelConfig
 .text.ADC_SoftwareStartConv
                0x08001228       0x20 ..\obj\stm32f4xx_adc.o
                0x08001228                ADC_SoftwareStartConv
 .text.ADC_EOCOnEachRegularChannelCmd
                0x08001248       0x38 ..\obj\stm32f4xx_adc.o
                0x08001248                ADC_EOCOnEachRegularChannelCmd
 .text.ADC_GetConversionValue
                0x08001280       0x1c ..\obj\stm32f4xx_adc.o
                0x08001280                ADC_GetConversionValue
 .text.ADC_GetFlagStatus
                0x0800129c       0x3c ..\obj\stm32f4xx_adc.o
                0x0800129c                ADC_GetFlagStatus
 .text.xTaskGenericCreate
                0x080012d8      0x1a8 ..\obj\tasks.o
                0x080012d8                xTaskGenericCreate
 .text.vTaskStartScheduler
                0x08001480       0x78 ..\obj\tasks.o
                0x08001480                vTaskStartScheduler
 .text.vTaskSuspendAll
                0x080014f8       0x24 ..\obj\tasks.o
                0x080014f8                vTaskSuspendAll
 .text.xTaskResumeAll
                0x0800151c      0x150 ..\obj\tasks.o
                0x0800151c                xTaskResumeAll
 .text.vTaskIncrementTick
                0x0800166c      0x1b4 ..\obj\tasks.o
                0x0800166c                vTaskIncrementTick
 .text.vTaskSwitchContext
                0x08001820      0x104 ..\obj\tasks.o
                0x08001820                vTaskSwitchContext
 .text.vTaskPlaceOnEventList
                0x08001924       0x78 ..\obj\tasks.o
                0x08001924                vTaskPlaceOnEventList
 .text.xTaskRemoveFromEventList
                0x0800199c       0xc4 ..\obj\tasks.o
                0x0800199c                xTaskRemoveFromEventList
 .text.vTaskSetTimeOutState
                0x08001a60       0x30 ..\obj\tasks.o
                0x08001a60                vTaskSetTimeOutState
 .text.xTaskCheckForTimeOut
                0x08001a90       0xa4 ..\obj\tasks.o
                0x08001a90                xTaskCheckForTimeOut
 .text.vTaskMissedYield
                0x08001b34       0x18 ..\obj\tasks.o
                0x08001b34                vTaskMissedYield
 .text.prvIdleTask
                0x08001b4c       0x24 ..\obj\tasks.o
 .text.prvInitialiseTCBVariables
                0x08001b70       0x88 ..\obj\tasks.o
 .text.prvInitialiseTaskLists
                0x08001bf8       0xa4 ..\obj\tasks.o
 .text.prvCheckTasksWaitingTermination
                0x08001c9c       0x98 ..\obj\tasks.o
 .text.prvAddCurrentTaskToDelayedList
                0x08001d34       0x8c ..\obj\tasks.o
 .text.prvAllocateTCBAndStack
                0x08001dc0       0x74 ..\obj\tasks.o
 .text.prvDeleteTCB
                0x08001e34       0x20 ..\obj\tasks.o
 .text.xTaskGetCurrentTaskHandle
                0x08001e54       0x20 ..\obj\tasks.o
                0x08001e54                xTaskGetCurrentTaskHandle
 .text.vTaskPriorityInherit
                0x08001e74       0xd4 ..\obj\tasks.o
                0x08001e74                vTaskPriorityInherit
 .text.vTaskPriorityDisinherit
                0x08001f48       0x90 ..\obj\tasks.o
                0x08001f48                vTaskPriorityDisinherit
 .text.servo_moteur
                0x08001fd8       0x3c ..\obj\servo.o
                0x08001fd8                servo_moteur
 .text.vServo_Timer11_CH1_PB9
                0x08002014       0xfc ..\obj\servo.o
                0x08002014                vServo_Timer11_CH1_PB9
 .text.GPIO_Init
                0x08002110      0x144 ..\obj\stm32f4xx_gpio.o
                0x08002110                GPIO_Init
 .text.GPIO_StructInit
                0x08002254       0x3c ..\obj\stm32f4xx_gpio.o
                0x08002254                GPIO_StructInit
 .text.GPIO_ReadInputDataBit
                0x08002290       0x3c ..\obj\stm32f4xx_gpio.o
                0x08002290                GPIO_ReadInputDataBit
 .text.GPIO_SetBits
                0x080022cc       0x1c ..\obj\stm32f4xx_gpio.o
                0x080022cc                GPIO_SetBits
 .text.GPIO_ResetBits
                0x080022e8       0x1c ..\obj\stm32f4xx_gpio.o
                0x080022e8                GPIO_ResetBits
 .text.GPIO_PinAFConfig
                0x08002304       0xa8 ..\obj\stm32f4xx_gpio.o
                0x08002304                GPIO_PinAFConfig
 .text.vListInitialise
                0x080023ac       0x40 ..\obj\list.o
                0x080023ac                vListInitialise
 .text.vListInitialiseItem
                0x080023ec       0x1c ..\obj\list.o
                0x080023ec                vListInitialiseItem
 .text.vListInsertEnd
                0x08002408       0x50 ..\obj\list.o
                0x08002408                vListInsertEnd
 .text.vListInsert
                0x08002458       0x74 ..\obj\list.o
                0x08002458                vListInsert
 .text.vListRemove
                0x080024cc       0x54 ..\obj\list.o
                0x080024cc                vListRemove
 .text.SystemInit
                0x08002520       0xb0 ..\obj\system_stm32f4xx.o
                0x08002520                SystemInit
 .text.SystemCoreClockUpdate
                0x080025d0      0x170 ..\obj\system_stm32f4xx.o
                0x080025d0                SystemCoreClockUpdate
 .text.SetSysClock
                0x08002740      0x188 ..\obj\system_stm32f4xx.o
 .text._sbrk    0x080028c8       0x5c ..\obj\syscalls.o
                0x080028c8                _sbrk
 .text.GPIO_Config_Camera_Adc1_PA1
                0x08002924       0x5c ..\obj\adc.o
                0x08002924                GPIO_Config_Camera_Adc1_PA1
 .text.ADC1_CH1_Config_Camera
                0x08002980       0xac ..\obj\adc.o
                0x08002980                ADC1_CH1_Config_Camera
 .text.vBattery_GpioPA4_ADC2_CH4
                0x08002a2c       0xf8 ..\obj\adc.o
                0x08002a2c                vBattery_GpioPA4_ADC2_CH4
 .text.pxPortInitialiseStack
                0x08002b24       0x68 ..\obj\port.o
                0x08002b24                pxPortInitialiseStack
 .text.SVC_Handler
                0x08002b8c       0x20 ..\obj\port.o
                0x08002b8c                SVC_Handler
 .text.vPortStartFirstTask
                0x08002bac       0x14 ..\obj\port.o
                0x08002bac                vPortStartFirstTask
 .text.xPortStartScheduler
                0x08002bc0       0x54 ..\obj\port.o
                0x08002bc0                xPortStartScheduler
 .text.vPortYieldFromISR
                0x08002c14       0x18 ..\obj\port.o
                0x08002c14                vPortYieldFromISR
 .text.vPortEnterCritical
                0x08002c2c       0x2c ..\obj\port.o
                0x08002c2c                vPortEnterCritical
 .text.vPortExitCritical
                0x08002c58       0x38 ..\obj\port.o
                0x08002c58                vPortExitCritical
 .text.PendSV_Handler
                0x08002c90       0x58 ..\obj\port.o
                0x08002c90                PendSV_Handler
 .text.SysTick_Handler
                0x08002ce8       0x38 ..\obj\port.o
                0x08002ce8                SysTick_Handler
 .text.prvSetupTimerInterrupt
                0x08002d20       0x40 ..\obj\port.o
 .text.xQueueCreate
                0x08002d60       0xd0 ..\obj\queue.o
                0x08002d60                xQueueCreate
 .text.xQueueGenericSend
                0x08002e30      0x120 ..\obj\queue.o
                0x08002e30                xQueueGenericSend
 .text.xQueueGenericSendFromISR
                0x08002f50       0x90 ..\obj\queue.o
                0x08002f50                xQueueGenericSendFromISR
 .text.xQueueGenericReceive
                0x08002fe0      0x188 ..\obj\queue.o
                0x08002fe0                xQueueGenericReceive
 .text.prvCopyDataToQueue
                0x08003168       0xc4 ..\obj\queue.o
 .text.prvCopyDataFromQueue
                0x0800322c       0x50 ..\obj\queue.o
 .text.prvUnlockQueue
                0x0800327c       0xa0 ..\obj\queue.o
 .text.prvIsQueueEmpty
                0x0800331c       0x2c ..\obj\queue.o
 .text.prvIsQueueFull
                0x08003348       0x30 ..\obj\queue.o
 .text.EXTI_Init
                0x08003378      0x138 ..\obj\stm32f4xx_exti.o
                0x08003378                EXTI_Init
 .text.EXTI_GetITStatus
                0x080034b0       0x58 ..\obj\stm32f4xx_exti.o
                0x080034b0                EXTI_GetITStatus
 .text.EXTI_ClearITPendingBit
                0x08003508       0x20 ..\obj\stm32f4xx_exti.o
                0x08003508                EXTI_ClearITPendingBit
 .text.NVIC_PriorityGroupConfig
                0x08003528       0x28 ..\obj\misc.o
                0x08003528                NVIC_PriorityGroupConfig
 .text.NVIC_Init
                0x08003550       0xe4 ..\obj\misc.o
                0x08003550                NVIC_Init
 .text.TIM_TimeBaseInit
                0x08003634       0xf4 ..\obj\stm32f4xx_tim.o
                0x08003634                TIM_TimeBaseInit
 .text.TIM_ARRPreloadConfig
                0x08003728       0x40 ..\obj\stm32f4xx_tim.o
                0x08003728                TIM_ARRPreloadConfig
 .text.TIM_Cmd  0x08003768       0x40 ..\obj\stm32f4xx_tim.o
                0x08003768                TIM_Cmd
 .text.TIM_OC1Init
                0x080037a8       0xfc ..\obj\stm32f4xx_tim.o
                0x080037a8                TIM_OC1Init
 .text.TIM_OC4Init
                0x080038a4       0xe0 ..\obj\stm32f4xx_tim.o
                0x080038a4                TIM_OC4Init
 .text.TIM_OC1PreloadConfig
                0x08003984       0x38 ..\obj\stm32f4xx_tim.o
                0x08003984                TIM_OC1PreloadConfig
 .text.TIM_OC4PreloadConfig
                0x080039bc       0x40 ..\obj\stm32f4xx_tim.o
                0x080039bc                TIM_OC4PreloadConfig
 .text          0x080039fc      0x370 c:/program files (x86)/gnu tools arm embedded/4.7 2013q3/bin/../lib/gcc/arm-none-eabi/4.7.4/armv7e-m/softfp\libgcc.a(_arm_addsubdf3.o)
                0x080039fc                __aeabi_drsub
                0x08003a04                __aeabi_dsub
                0x08003a04                __subdf3
                0x08003a08                __aeabi_dadd
                0x08003a08                __adddf3
                0x08003c80                __floatunsidf
                0x08003c80                __aeabi_ui2d
                0x08003ca0                __floatsidf
                0x08003ca0                __aeabi_i2d
                0x08003cc4                __aeabi_f2d
                0x08003cc4                __extendsfdf2
                0x08003d00                __floatundidf
                0x08003d00                __aeabi_ul2d
                0x08003d10                __floatdidf
                0x08003d10                __aeabi_l2d
 .text          0x08003d6c      0x424 c:/program files (x86)/gnu tools arm embedded/4.7 2013q3/bin/../lib/gcc/arm-none-eabi/4.7.4/armv7e-m/softfp\libgcc.a(_arm_muldivdf3.o)
                0x08003d6c                __aeabi_dmul
                0x08003d6c                __muldf3
                0x08003fc0                __divdf3
                0x08003fc0                __aeabi_ddiv
 .text          0x08004190       0x40 c:/program files (x86)/gnu tools arm embedded/4.7 2013q3/bin/../lib/gcc/arm-none-eabi/4.7.4/armv7e-m/softfp\libgcc.a(_arm_fixunsdfsi.o)
                0x08004190                __aeabi_d2uiz
                0x08004190                __fixunsdfsi
 .text.malloc   0x080041d0       0x10 c:/program files (x86)/gnu tools arm embedded/4.7 2013q3/bin/../lib/gcc/arm-none-eabi/4.7.4/../../../../arm-none-eabi/lib/armv7e-m/softfp\libg.a(lib_a-malloc.o)
                0x080041d0                malloc
 .text.free     0x080041e0       0x10 c:/program files (x86)/gnu tools arm embedded/4.7 2013q3/bin/../lib/gcc/arm-none-eabi/4.7.4/../../../../arm-none-eabi/lib/armv7e-m/softfp\libg.a(lib_a-malloc.o)
                0x080041e0                free
 .text._malloc_r
                0x080041f0      0x55c c:/program files (x86)/gnu tools arm embedded/4.7 2013q3/bin/../lib/gcc/arm-none-eabi/4.7.4/../../../../arm-none-eabi/lib/armv7e-m/softfp\libg.a(lib_a-mallocr.o)
                0x080041f0                _malloc_r
 .text.memcpy   0x0800474c      0x144 c:/program files (x86)/gnu tools arm embedded/4.7 2013q3/bin/../lib/gcc/arm-none-eabi/4.7.4/../../../../arm-none-eabi/lib/armv7e-m/softfp\libg.a(lib_a-memcpy.o)
                0x0800474c                memcpy
 .text.memset   0x08004890      0x12c c:/program files (x86)/gnu tools arm embedded/4.7 2013q3/bin/../lib/gcc/arm-none-eabi/4.7.4/../../../../arm-none-eabi/lib/armv7e-m/softfp\libg.a(lib_a-memset.o)
                0x08004890                memset
 .text.__malloc_lock
                0x080049bc        0x4 c:/program files (x86)/gnu tools arm embedded/4.7 2013q3/bin/../lib/gcc/arm-none-eabi/4.7.4/../../../../arm-none-eabi/lib/armv7e-m/softfp\libg.a(lib_a-mlock.o)
                0x080049bc                __malloc_lock
 .text.__malloc_unlock
                0x080049c0        0x4 c:/program files (x86)/gnu tools arm embedded/4.7 2013q3/bin/../lib/gcc/arm-none-eabi/4.7.4/../../../../arm-none-eabi/lib/armv7e-m/softfp\libg.a(lib_a-mlock.o)
                0x080049c0                __malloc_unlock
 .text._sbrk_r  0x080049c4       0x24 c:/program files (x86)/gnu tools arm embedded/4.7 2013q3/bin/../lib/gcc/arm-none-eabi/4.7.4/../../../../arm-none-eabi/lib/armv7e-m/softfp\libg.a(lib_a-sbrkr.o)
                0x080049c4                _sbrk_r
 .text.strncpy  0x080049e8      0x110 c:/program files (x86)/gnu tools arm embedded/4.7 2013q3/bin/../lib/gcc/arm-none-eabi/4.7.4/../../../../arm-none-eabi/lib/armv7e-m/softfp\libg.a(lib_a-strncpy.o)
                0x080049e8                strncpy
 .text._malloc_trim_r
                0x08004af8       0x98 c:/program files (x86)/gnu tools arm embedded/4.7 2013q3/bin/../lib/gcc/arm-none-eabi/4.7.4/../../../../arm-none-eabi/lib/armv7e-m/softfp\libg.a(lib_a-freer.o)
                0x08004af8                _malloc_trim_r
 .text._free_r  0x08004b90      0x194 c:/program files (x86)/gnu tools arm embedded/4.7 2013q3/bin/../lib/gcc/arm-none-eabi/4.7.4/../../../../arm-none-eabi/lib/armv7e-m/softfp\libg.a(lib_a-freer.o)
                0x08004b90                _free_r
 *(.glue_7t)
 .glue_7t       0x00000000        0x0 linker stubs
 *(.glue_7)
 .glue_7        0x00000000        0x0 linker stubs
 *(.rodata .rodata* .gnu.linkonce.r.*)
 .rodata        0x08004d24       0x14 ..\obj\main.o
 .rodata        0x08004d38       0x60 ..\obj\tasks.o
 .rodata.str1.4
                0x08004d98        0x4 c:/program files (x86)/gnu tools arm embedded/4.7 2013q3/bin/../lib/gcc/arm-none-eabi/4.7.4/../../../../arm-none-eabi/lib/armv7e-m/softfp\libg.a(lib_a-impure.o)

.vfp11_veneer   0x08004d9c        0x0
 .vfp11_veneer  0x00000000        0x0 linker stubs

.v4_bx          0x08004d9c        0x0
 .v4_bx         0x00000000        0x0 linker stubs

.iplt           0x08004d9c        0x0
 .iplt          0x00000000        0x0 ..\obj\stm32f4xx_syscfg.o

.rel.dyn        0x08004d9c        0x0
 .rel.iplt      0x00000000        0x0 ..\obj\stm32f4xx_syscfg.o

.ARM.extab
 *(.ARM.extab* .gnu.linkonce.armextab.*)
                0x08004d9c                __exidx_start = .

.ARM.exidx
 *(.ARM.exidx* .gnu.linkonce.armexidx.*)
                0x08004d9c                __exidx_end = .
                0x08004d9c                . = ALIGN (0x4)
                0x08004d9c                _etext = .
                0x08004d9c                _sidata = .

.data           0x20000000      0x85c load address 0x08004d9c
                0x20000000                _sdata = .
 *(.data .data.*)
 .data          0x20000000        0x1 ..\obj\camera.o
 *fill*         0x20000001        0x3 00
 .data          0x20000004        0x4 ..\obj\tasks.o
 .data          0x20000008       0x14 ..\obj\system_stm32f4xx.o
                0x20000008                SystemCoreClock
                0x2000000c                AHBPrescTable
 .data          0x2000001c        0x4 ..\obj\port.o
 .data.__malloc_av_
                0x20000020      0x408 c:/program files (x86)/gnu tools arm embedded/4.7 2013q3/bin/../lib/gcc/arm-none-eabi/4.7.4/../../../../arm-none-eabi/lib/armv7e-m/softfp\libg.a(lib_a-mallocr.o)
                0x20000020                __malloc_av_
 .data.__malloc_trim_threshold
                0x20000428        0x4 c:/program files (x86)/gnu tools arm embedded/4.7 2013q3/bin/../lib/gcc/arm-none-eabi/4.7.4/../../../../arm-none-eabi/lib/armv7e-m/softfp\libg.a(lib_a-mallocr.o)
                0x20000428                __malloc_trim_threshold
 .data.__malloc_sbrk_base
                0x2000042c        0x4 c:/program files (x86)/gnu tools arm embedded/4.7 2013q3/bin/../lib/gcc/arm-none-eabi/4.7.4/../../../../arm-none-eabi/lib/armv7e-m/softfp\libg.a(lib_a-mallocr.o)
                0x2000042c                __malloc_sbrk_base
 .data.impure_data
                0x20000430      0x428 c:/program files (x86)/gnu tools arm embedded/4.7 2013q3/bin/../lib/gcc/arm-none-eabi/4.7.4/../../../../arm-none-eabi/lib/armv7e-m/softfp\libg.a(lib_a-impure.o)
 .data._impure_ptr
                0x20000858        0x4 c:/program files (x86)/gnu tools arm embedded/4.7 2013q3/bin/../lib/gcc/arm-none-eabi/4.7.4/../../../../arm-none-eabi/lib/armv7e-m/softfp\libg.a(lib_a-impure.o)
                0x20000858                _impure_ptr
                0x2000085c                . = ALIGN (0x4)
                0x2000085c                _edata = .

.igot.plt       0x2000085c        0x0 load address 0x080055f8
 .igot.plt      0x00000000        0x0 ..\obj\stm32f4xx_syscfg.o

.heap           0x2000085c     0x1000 load address 0x080055f8
 .heap          0x2000085c     0x1000 ..\obj\startup_stm32f4xx.o
                0x2000085c                __HeapPool

.bss            0x2000185c      0x390 load address 0x080065f8
                0x2000185c                _sbss = .
 *(.bss .bss.*)
 .bss           0x2000185c       0x18 ..\obj\main.o
                0x2000185c                ucCompteur
                0x20001860                xSemaphoreADC
                0x20001864                xSemaphoreSI
                0x20001868                xSemaphoreNotSI
                0x2000186c                xSemaphoreSERVO
 .bss           0x20001874      0x13c ..\obj\tasks.o
                0x20001874                pxCurrentTCB
 .bss           0x200019b0        0x4 ..\obj\syscalls.o
 .bss.__malloc_max_total_mem
                0x200019b4        0x4 c:/program files (x86)/gnu tools arm embedded/4.7 2013q3/bin/../lib/gcc/arm-none-eabi/4.7.4/../../../../arm-none-eabi/lib/armv7e-m/softfp\libg.a(lib_a-mallocr.o)
                0x200019b4                __malloc_max_total_mem
 .bss.__malloc_max_sbrked_mem
                0x200019b8        0x4 c:/program files (x86)/gnu tools arm embedded/4.7 2013q3/bin/../lib/gcc/arm-none-eabi/4.7.4/../../../../arm-none-eabi/lib/armv7e-m/softfp\libg.a(lib_a-mallocr.o)
                0x200019b8                __malloc_max_sbrked_mem
 .bss.__malloc_top_pad
                0x200019bc        0x4 c:/program files (x86)/gnu tools arm embedded/4.7 2013q3/bin/../lib/gcc/arm-none-eabi/4.7.4/../../../../arm-none-eabi/lib/armv7e-m/softfp\libg.a(lib_a-mallocr.o)
                0x200019bc                __malloc_top_pad
 .bss.__malloc_current_mallinfo
                0x200019c0       0x28 c:/program files (x86)/gnu tools arm embedded/4.7 2013q3/bin/../lib/gcc/arm-none-eabi/4.7.4/../../../../arm-none-eabi/lib/armv7e-m/softfp\libg.a(lib_a-mallocr.o)
                0x200019c0                __malloc_current_mallinfo
 *(COMMON)
 COMMON         0x200019e8      0x200 ..\obj\main.o
                0x200019e8                ADCResult1
 COMMON         0x20001be8        0x4 c:/program files (x86)/gnu tools arm embedded/4.7 2013q3/bin/../lib/gcc/arm-none-eabi/4.7.4/../../../../arm-none-eabi/lib/armv7e-m/softfp\libg.a(lib_a-reent.o)
                0x20001be8                errno
                0x20001bec                . = ALIGN (0x4)
                0x20001bec                _ebss = .

.co_stack       0x20001bec      0x804 load address 0x08006988
                0x20001bf0                . = ALIGN (0x8)
 *fill*         0x20001bec        0x4 00
 *(.co_stack .co_stack.*)
 .co_stack      0x20001bf0      0x800 ..\obj\startup_stm32f4xx.o
                0x20001bf0                pulStack
                0x200023f0                . = ALIGN (0x4)
                0x200023f0                _end = .
LOAD ..\obj\stm32f4xx_syscfg.o
LOAD ..\obj\camera.o
LOAD ..\obj\led.o
LOAD ..\obj\startup_stm32f4xx.o
LOAD ..\obj\Propultion.o
LOAD ..\obj\main.o
LOAD ..\obj\stm32f4xx_rcc.o
LOAD ..\obj\interruption.o
LOAD ..\obj\timers.o
LOAD ..\obj\stm32f4xx_adc.o
LOAD ..\obj\tasks.o
LOAD ..\obj\servo.o
LOAD ..\obj\stm32f4xx_gpio.o
LOAD ..\obj\list.o
LOAD ..\obj\system_stm32f4xx.o
LOAD ..\obj\syscalls.o
LOAD ..\obj\adc.o
LOAD ..\obj\port.o
LOAD ..\obj\queue.o
LOAD ..\obj\croutine.o
LOAD ..\obj\stm32f4xx_exti.o
LOAD ..\obj\misc.o
LOAD ..\obj\stm32f4xx_tim.o
START GROUP
LOAD c:/program files (x86)/gnu tools arm embedded/4.7 2013q3/bin/../lib/gcc/arm-none-eabi/4.7.4/armv7e-m/softfp\libgcc.a
LOAD c:/program files (x86)/gnu tools arm embedded/4.7 2013q3/bin/../lib/gcc/arm-none-eabi/4.7.4/../../../../arm-none-eabi/lib/armv7e-m/softfp\libg.a
LOAD c:/program files (x86)/gnu tools arm embedded/4.7 2013q3/bin/../lib/gcc/arm-none-eabi/4.7.4/../../../../arm-none-eabi/lib/armv7e-m/softfp\libc.a
END GROUP
OUTPUT(freeRTOS.elf elf32-littlearm)

.debug_info     0x00000000     0x9d4f
 .debug_info    0x00000000      0x279 ..\obj\stm32f4xx_syscfg.o
 .debug_info    0x00000279      0x68b ..\obj\camera.o
 .debug_info    0x00000904      0x62d ..\obj\led.o
 .debug_info    0x00000f31      0x126 ..\obj\startup_stm32f4xx.o
 .debug_info    0x00001057      0x766 ..\obj\Propultion.o
 .debug_info    0x000017bd      0x4ec ..\obj\main.o
 .debug_info    0x00001ca9      0xd49 ..\obj\stm32f4xx_rcc.o
 .debug_info    0x000029f2      0x419 ..\obj\interruption.o
 .debug_info    0x00002e0b      0xd14 ..\obj\stm32f4xx_adc.o
 .debug_info    0x00003b1f     0x11ff ..\obj\tasks.o
 .debug_info    0x00004d1e      0x618 ..\obj\servo.o
 .debug_info    0x00005336      0x640 ..\obj\stm32f4xx_gpio.o
 .debug_info    0x00005976      0x2d4 ..\obj\list.o
 .debug_info    0x00005c4a      0x5f5 ..\obj\system_stm32f4xx.o
 .debug_info    0x0000623f      0x443 ..\obj\syscalls.o
 .debug_info    0x00006682      0x57b ..\obj\adc.o
 .debug_info    0x00006bfd      0x23c ..\obj\port.o
 .debug_info    0x00006e39      0x794 ..\obj\queue.o
 .debug_info    0x000075cd      0x373 ..\obj\stm32f4xx_exti.o
 .debug_info    0x00007940      0x592 ..\obj\misc.o
 .debug_info    0x00007ed2     0x1e7d ..\obj\stm32f4xx_tim.o

.debug_abbrev   0x00000000     0x1ba9
 .debug_abbrev  0x00000000      0x133 ..\obj\stm32f4xx_syscfg.o
 .debug_abbrev  0x00000133      0x131 ..\obj\camera.o
 .debug_abbrev  0x00000264       0xff ..\obj\led.o
 .debug_abbrev  0x00000363       0xb2 ..\obj\startup_stm32f4xx.o
 .debug_abbrev  0x00000415      0x17c ..\obj\Propultion.o
 .debug_abbrev  0x00000591      0x19d ..\obj\main.o
 .debug_abbrev  0x0000072e      0x1e5 ..\obj\stm32f4xx_rcc.o
 .debug_abbrev  0x00000913       0xd3 ..\obj\interruption.o
 .debug_abbrev  0x000009e6      0x198 ..\obj\stm32f4xx_adc.o
 .debug_abbrev  0x00000b7e      0x23f ..\obj\tasks.o
 .debug_abbrev  0x00000dbd      0x12a ..\obj\servo.o
 .debug_abbrev  0x00000ee7      0x1a5 ..\obj\stm32f4xx_gpio.o
 .debug_abbrev  0x0000108c       0xb5 ..\obj\list.o
 .debug_abbrev  0x00001141      0x138 ..\obj\system_stm32f4xx.o
 .debug_abbrev  0x00001279       0xe4 ..\obj\syscalls.o
 .debug_abbrev  0x0000135d      0x133 ..\obj\adc.o
 .debug_abbrev  0x00001490      0x15b ..\obj\port.o
 .debug_abbrev  0x000015eb      0x165 ..\obj\queue.o
 .debug_abbrev  0x00001750      0x1a7 ..\obj\stm32f4xx_exti.o
 .debug_abbrev  0x000018f7      0x129 ..\obj\misc.o
 .debug_abbrev  0x00001a20      0x189 ..\obj\stm32f4xx_tim.o

.debug_loc      0x00000000     0x44b6
 .debug_loc     0x00000000      0x144 ..\obj\stm32f4xx_syscfg.o
 .debug_loc     0x00000144       0xa8 ..\obj\camera.o
 .debug_loc     0x000001ec       0xa8 ..\obj\led.o
 .debug_loc     0x00000294       0x64 ..\obj\startup_stm32f4xx.o
 .debug_loc     0x000002f8      0x1c0 ..\obj\Propultion.o
 .debug_loc     0x000004b8      0x138 ..\obj\main.o
 .debug_loc     0x000005f0      0x97c ..\obj\stm32f4xx_rcc.o
 .debug_loc     0x00000f6c       0x38 ..\obj\interruption.o
 .debug_loc     0x00000fa4      0x838 ..\obj\stm32f4xx_adc.o
 .debug_loc     0x000017dc      0x8f6 ..\obj\tasks.o
 .debug_loc     0x000020d2       0x70 ..\obj\servo.o
 .debug_loc     0x00002142      0x310 ..\obj\stm32f4xx_gpio.o
 .debug_loc     0x00002452      0x118 ..\obj\list.o
 .debug_loc     0x0000256a       0x9c ..\obj\system_stm32f4xx.o
 .debug_loc     0x00002606      0x1ec ..\obj\syscalls.o
 .debug_loc     0x000027f2       0xe0 ..\obj\adc.o
 .debug_loc     0x000028d2      0x178 ..\obj\port.o
 .debug_loc     0x00002a4a      0x380 ..\obj\queue.o
 .debug_loc     0x00002dca      0x1b4 ..\obj\stm32f4xx_exti.o
 .debug_loc     0x00002f7e      0x118 ..\obj\misc.o
 .debug_loc     0x00003096     0x1420 ..\obj\stm32f4xx_tim.o

.debug_aranges  0x00000000      0xc08
 .debug_aranges
                0x00000000       0x48 ..\obj\stm32f4xx_syscfg.o
 .debug_aranges
                0x00000048       0x30 ..\obj\camera.o
 .debug_aranges
                0x00000078       0x30 ..\obj\led.o
 .debug_aranges
                0x000000a8       0x28 ..\obj\startup_stm32f4xx.o
 .debug_aranges
                0x000000d0       0x58 ..\obj\Propultion.o
 .debug_aranges
                0x00000128       0x48 ..\obj\main.o
 .debug_aranges
                0x00000170      0x178 ..\obj\stm32f4xx_rcc.o
 .debug_aranges
                0x000002e8       0x20 ..\obj\interruption.o
 .debug_aranges
                0x00000308      0x148 ..\obj\stm32f4xx_adc.o
 .debug_aranges
                0x00000450      0x168 ..\obj\tasks.o
 .debug_aranges
                0x000005b8       0x28 ..\obj\servo.o
 .debug_aranges
                0x000005e0       0x88 ..\obj\stm32f4xx_gpio.o
 .debug_aranges
                0x00000668       0x40 ..\obj\list.o
 .debug_aranges
                0x000006a8       0x30 ..\obj\system_stm32f4xx.o
 .debug_aranges
                0x000006d8       0x60 ..\obj\syscalls.o
 .debug_aranges
                0x00000738       0x38 ..\obj\adc.o
 .debug_aranges
                0x00000770       0x70 ..\obj\port.o
 .debug_aranges
                0x000007e0       0x98 ..\obj\queue.o
 .debug_aranges
                0x00000878       0x58 ..\obj\stm32f4xx_exti.o
 .debug_aranges
                0x000008d0       0x40 ..\obj\misc.o
 .debug_aranges
                0x00000910      0x2f8 ..\obj\stm32f4xx_tim.o

.debug_ranges   0x00000000      0xab8
 .debug_ranges  0x00000000       0x38 ..\obj\stm32f4xx_syscfg.o
 .debug_ranges  0x00000038       0x20 ..\obj\camera.o
 .debug_ranges  0x00000058       0x20 ..\obj\led.o
 .debug_ranges  0x00000078       0x18 ..\obj\startup_stm32f4xx.o
 .debug_ranges  0x00000090       0x48 ..\obj\Propultion.o
 .debug_ranges  0x000000d8       0x38 ..\obj\main.o
 .debug_ranges  0x00000110      0x168 ..\obj\stm32f4xx_rcc.o
 .debug_ranges  0x00000278       0x10 ..\obj\interruption.o
 .debug_ranges  0x00000288      0x138 ..\obj\stm32f4xx_adc.o
 .debug_ranges  0x000003c0      0x158 ..\obj\tasks.o
 .debug_ranges  0x00000518       0x18 ..\obj\servo.o
 .debug_ranges  0x00000530       0x78 ..\obj\stm32f4xx_gpio.o
 .debug_ranges  0x000005a8       0x30 ..\obj\list.o
 .debug_ranges  0x000005d8       0x20 ..\obj\system_stm32f4xx.o
 .debug_ranges  0x000005f8       0x50 ..\obj\syscalls.o
 .debug_ranges  0x00000648       0x28 ..\obj\adc.o
 .debug_ranges  0x00000670       0x60 ..\obj\port.o
 .debug_ranges  0x000006d0       0x88 ..\obj\queue.o
 .debug_ranges  0x00000758       0x48 ..\obj\stm32f4xx_exti.o
 .debug_ranges  0x000007a0       0x30 ..\obj\misc.o
 .debug_ranges  0x000007d0      0x2e8 ..\obj\stm32f4xx_tim.o

.debug_line     0x00000000     0x475d
 .debug_line    0x00000000      0x1fa ..\obj\stm32f4xx_syscfg.o
 .debug_line    0x000001fa      0x244 ..\obj\camera.o
 .debug_line    0x0000043e      0x221 ..\obj\led.o
 .debug_line    0x0000065f       0xb9 ..\obj\startup_stm32f4xx.o
 .debug_line    0x00000718      0x2c0 ..\obj\Propultion.o
 .debug_line    0x000009d8      0x373 ..\obj\main.o
 .debug_line    0x00000d4b      0x582 ..\obj\stm32f4xx_rcc.o
 .debug_line    0x000012cd      0x1ea ..\obj\interruption.o
 .debug_line    0x000014b7      0x53b ..\obj\stm32f4xx_adc.o
 .debug_line    0x000019f2      0x90a ..\obj\tasks.o
 .debug_line    0x000022fc      0x209 ..\obj\servo.o
 .debug_line    0x00002505      0x326 ..\obj\stm32f4xx_gpio.o
 .debug_line    0x0000282b      0x278 ..\obj\list.o
 .debug_line    0x00002aa3      0x1c7 ..\obj\system_stm32f4xx.o
 .debug_line    0x00002c6a      0x1a7 ..\obj\syscalls.o
 .debug_line    0x00002e11      0x253 ..\obj\adc.o
 .debug_line    0x00003064      0x339 ..\obj\port.o
 .debug_line    0x0000339d      0x4a8 ..\obj\queue.o
 .debug_line    0x00003845      0x28c ..\obj\stm32f4xx_exti.o
 .debug_line    0x00003ad1      0x22c ..\obj\misc.o
 .debug_line    0x00003cfd      0xa60 ..\obj\stm32f4xx_tim.o

.debug_str      0x00000000     0x3e1f
 .debug_str     0x00000000      0x25a ..\obj\stm32f4xx_syscfg.o
                                0x2a7 (size before relaxing)
 .debug_str     0x0000025a      0x472 ..\obj\camera.o
                                0x589 (size before relaxing)
 .debug_str     0x000006cc       0x71 ..\obj\led.o
                                0x518 (size before relaxing)
 .debug_str     0x0000073d       0xc0 ..\obj\startup_stm32f4xx.o
                                0x124 (size before relaxing)
 .debug_str     0x000007fd      0x10e ..\obj\Propultion.o
                                0x5b5 (size before relaxing)
 .debug_str     0x0000090b      0x1b6 ..\obj\main.o
                                0x350 (size before relaxing)
 .debug_str     0x00000ac1      0x641 ..\obj\stm32f4xx_rcc.o
                                0x7f8 (size before relaxing)
 .debug_str     0x00001102      0x6b2 ..\obj\interruption.o
                                0x7d2 (size before relaxing)
 .debug_str     0x000017b4      0x5e7 ..\obj\stm32f4xx_adc.o
                                0x7ac (size before relaxing)
 .debug_str     0x00001d9b      0xa13 ..\obj\tasks.o
                                0xb4c (size before relaxing)
 .debug_str     0x000027ae       0x42 ..\obj\servo.o
                                0x506 (size before relaxing)
 .debug_str     0x000027f0      0x1a2 ..\obj\stm32f4xx_gpio.o
                                0x44b (size before relaxing)
 .debug_str     0x00002992       0xd0 ..\obj\list.o
                                0x265 (size before relaxing)
 .debug_str     0x00002a62      0x11d ..\obj\system_stm32f4xx.o
                                0x352 (size before relaxing)
 .debug_str     0x00002b7f      0x168 ..\obj\syscalls.o
                                0x2aa (size before relaxing)
 .debug_str     0x00002ce7       0xa3 ..\obj\adc.o
                                0x4c5 (size before relaxing)
 .debug_str     0x00002d8a      0x155 ..\obj\port.o
                                0x28c (size before relaxing)
 .debug_str     0x00002edf      0x2d9 ..\obj\queue.o
                                0x4ef (size before relaxing)
 .debug_str     0x000031b8      0x105 ..\obj\stm32f4xx_exti.o
                                0x316 (size before relaxing)
 .debug_str     0x000032bd      0x15f ..\obj\misc.o
                                0x381 (size before relaxing)
 .debug_str     0x0000341c      0xa03 ..\obj\stm32f4xx_tim.o
                                0xd78 (size before relaxing)

.comment        0x00000000       0x70
 .comment       0x00000000       0x70 ..\obj\stm32f4xx_syscfg.o
                                 0x71 (size before relaxing)
 .comment       0x00000000       0x71 ..\obj\camera.o
 .comment       0x00000000       0x71 ..\obj\led.o
 .comment       0x00000000       0x71 ..\obj\startup_stm32f4xx.o
 .comment       0x00000000       0x71 ..\obj\Propultion.o
 .comment       0x00000000       0x71 ..\obj\main.o
 .comment       0x00000000       0x71 ..\obj\stm32f4xx_rcc.o
 .comment       0x00000000       0x71 ..\obj\interruption.o
 .comment       0x00000000       0x71 ..\obj\stm32f4xx_adc.o
 .comment       0x00000000       0x71 ..\obj\tasks.o
 .comment       0x00000000       0x71 ..\obj\servo.o
 .comment       0x00000000       0x71 ..\obj\stm32f4xx_gpio.o
 .comment       0x00000000       0x71 ..\obj\list.o
 .comment       0x00000000       0x71 ..\obj\system_stm32f4xx.o
 .comment       0x00000000       0x71 ..\obj\syscalls.o
 .comment       0x00000000       0x71 ..\obj\adc.o
 .comment       0x00000000       0x71 ..\obj\port.o
 .comment       0x00000000       0x71 ..\obj\queue.o
 .comment       0x00000000       0x71 ..\obj\stm32f4xx_exti.o
 .comment       0x00000000       0x71 ..\obj\misc.o
 .comment       0x00000000       0x71 ..\obj\stm32f4xx_tim.o

.ARM.attributes
                0x00000000       0x39
 .ARM.attributes
                0x00000000       0x39 ..\obj\stm32f4xx_syscfg.o
 .ARM.attributes
                0x00000039       0x39 ..\obj\camera.o
 .ARM.attributes
                0x00000072       0x39 ..\obj\led.o
 .ARM.attributes
                0x000000ab       0x39 ..\obj\startup_stm32f4xx.o
 .ARM.attributes
                0x000000e4       0x39 ..\obj\Propultion.o
 .ARM.attributes
                0x0000011d       0x39 ..\obj\main.o
 .ARM.attributes
                0x00000156       0x39 ..\obj\stm32f4xx_rcc.o
 .ARM.attributes
                0x0000018f       0x39 ..\obj\interruption.o
 .ARM.attributes
                0x000001c8       0x39 ..\obj\stm32f4xx_adc.o
 .ARM.attributes
                0x00000201       0x39 ..\obj\tasks.o
 .ARM.attributes
                0x0000023a       0x39 ..\obj\servo.o
 .ARM.attributes
                0x00000273       0x39 ..\obj\stm32f4xx_gpio.o
 .ARM.attributes
                0x000002ac       0x39 ..\obj\list.o
 .ARM.attributes
                0x000002e5       0x39 ..\obj\system_stm32f4xx.o
 .ARM.attributes
                0x0000031e       0x39 ..\obj\syscalls.o
 .ARM.attributes
                0x00000357       0x39 ..\obj\adc.o
 .ARM.attributes
                0x00000390       0x39 ..\obj\port.o
 .ARM.attributes
                0x000003c9       0x39 ..\obj\queue.o
 .ARM.attributes
                0x00000402       0x39 ..\obj\stm32f4xx_exti.o
 .ARM.attributes
                0x0000043b       0x39 ..\obj\misc.o
 .ARM.attributes
                0x00000474       0x39 ..\obj\stm32f4xx_tim.o
 .ARM.attributes
                0x000004ad       0x24 c:/program files (x86)/gnu tools arm embedded/4.7 2013q3/bin/../lib/gcc/arm-none-eabi/4.7.4/armv7e-m/softfp\libgcc.a(_arm_addsubdf3.o)
 .ARM.attributes
                0x000004d1       0x24 c:/program files (x86)/gnu tools arm embedded/4.7 2013q3/bin/../lib/gcc/arm-none-eabi/4.7.4/armv7e-m/softfp\libgcc.a(_arm_muldivdf3.o)
 .ARM.attributes
                0x000004f5       0x24 c:/program files (x86)/gnu tools arm embedded/4.7 2013q3/bin/../lib/gcc/arm-none-eabi/4.7.4/armv7e-m/softfp\libgcc.a(_arm_fixunsdfsi.o)
 .ARM.attributes
                0x00000519       0x34 c:/program files (x86)/gnu tools arm embedded/4.7 2013q3/bin/../lib/gcc/arm-none-eabi/4.7.4/../../../../arm-none-eabi/lib/armv7e-m/softfp\libg.a(lib_a-malloc.o)
 .ARM.attributes
                0x0000054d       0x34 c:/program files (x86)/gnu tools arm embedded/4.7 2013q3/bin/../lib/gcc/arm-none-eabi/4.7.4/../../../../arm-none-eabi/lib/armv7e-m/softfp\libg.a(lib_a-mallocr.o)
 .ARM.attributes
                0x00000581       0x34 c:/program files (x86)/gnu tools arm embedded/4.7 2013q3/bin/../lib/gcc/arm-none-eabi/4.7.4/../../../../arm-none-eabi/lib/armv7e-m/softfp\libg.a(lib_a-memcpy.o)
 .ARM.attributes
                0x000005b5       0x34 c:/program files (x86)/gnu tools arm embedded/4.7 2013q3/bin/../lib/gcc/arm-none-eabi/4.7.4/../../../../arm-none-eabi/lib/armv7e-m/softfp\libg.a(lib_a-memset.o)
 .ARM.attributes
                0x000005e9       0x34 c:/program files (x86)/gnu tools arm embedded/4.7 2013q3/bin/../lib/gcc/arm-none-eabi/4.7.4/../../../../arm-none-eabi/lib/armv7e-m/softfp\libg.a(lib_a-mlock.o)
 .ARM.attributes
                0x0000061d       0x34 c:/program files (x86)/gnu tools arm embedded/4.7 2013q3/bin/../lib/gcc/arm-none-eabi/4.7.4/../../../../arm-none-eabi/lib/armv7e-m/softfp\libg.a(lib_a-sbrkr.o)
 .ARM.attributes
                0x00000651       0x34 c:/program files (x86)/gnu tools arm embedded/4.7 2013q3/bin/../lib/gcc/arm-none-eabi/4.7.4/../../../../arm-none-eabi/lib/armv7e-m/softfp\libg.a(lib_a-strncpy.o)
 .ARM.attributes
                0x00000685       0x34 c:/program files (x86)/gnu tools arm embedded/4.7 2013q3/bin/../lib/gcc/arm-none-eabi/4.7.4/../../../../arm-none-eabi/lib/armv7e-m/softfp\libg.a(lib_a-freer.o)
 .ARM.attributes
                0x000006b9       0x34 c:/program files (x86)/gnu tools arm embedded/4.7 2013q3/bin/../lib/gcc/arm-none-eabi/4.7.4/../../../../arm-none-eabi/lib/armv7e-m/softfp\libg.a(lib_a-impure.o)
 .ARM.attributes
                0x000006ed       0x34 c:/program files (x86)/gnu tools arm embedded/4.7 2013q3/bin/../lib/gcc/arm-none-eabi/4.7.4/../../../../arm-none-eabi/lib/armv7e-m/softfp\libg.a(lib_a-reent.o)

.debug_frame    0x00000000     0x2774
 .debug_frame   0x00000000       0xbc ..\obj\stm32f4xx_syscfg.o
 .debug_frame   0x000000bc       0x70 ..\obj\camera.o
 .debug_frame   0x0000012c       0x70 ..\obj\led.o
 .debug_frame   0x0000019c       0x48 ..\obj\startup_stm32f4xx.o
 .debug_frame   0x000001e4      0x10c ..\obj\Propultion.o
 .debug_frame   0x000002f0       0xc8 ..\obj\main.o
 .debug_frame   0x000003b8      0x4d8 ..\obj\stm32f4xx_rcc.o
 .debug_frame   0x00000890       0x30 ..\obj\interruption.o
 .debug_frame   0x000008c0      0x434 ..\obj\stm32f4xx_adc.o
 .debug_frame   0x00000cf4      0x520 ..\obj\tasks.o
 .debug_frame   0x00001214       0x50 ..\obj\servo.o
 .debug_frame   0x00001264      0x19c ..\obj\stm32f4xx_gpio.o
 .debug_frame   0x00001400       0x9c ..\obj\list.o
 .debug_frame   0x0000149c       0x64 ..\obj\system_stm32f4xx.o
 .debug_frame   0x00001500      0x108 ..\obj\syscalls.o
 .debug_frame   0x00001608       0x8c ..\obj\adc.o
 .debug_frame   0x00001694      0x110 ..\obj\port.o
 .debug_frame   0x000017a4      0x204 ..\obj\queue.o
 .debug_frame   0x000019a8       0xec ..\obj\stm32f4xx_exti.o
 .debug_frame   0x00001a94       0x9c ..\obj\misc.o
 .debug_frame   0x00001b30      0xa3c ..\obj\stm32f4xx_tim.o
 .debug_frame   0x0000256c       0x30 c:/program files (x86)/gnu tools arm embedded/4.7 2013q3/bin/../lib/gcc/arm-none-eabi/4.7.4/../../../../arm-none-eabi/lib/armv7e-m/softfp\libg.a(lib_a-malloc.o)
 .debug_frame   0x0000259c       0x38 c:/program files (x86)/gnu tools arm embedded/4.7 2013q3/bin/../lib/gcc/arm-none-eabi/4.7.4/../../../../arm-none-eabi/lib/armv7e-m/softfp\libg.a(lib_a-mallocr.o)
 .debug_frame   0x000025d4       0x30 c:/program files (x86)/gnu tools arm embedded/4.7 2013q3/bin/../lib/gcc/arm-none-eabi/4.7.4/../../../../arm-none-eabi/lib/armv7e-m/softfp\libg.a(lib_a-memcpy.o)
 .debug_frame   0x00002604       0x2c c:/program files (x86)/gnu tools arm embedded/4.7 2013q3/bin/../lib/gcc/arm-none-eabi/4.7.4/../../../../arm-none-eabi/lib/armv7e-m/softfp\libg.a(lib_a-memset.o)
 .debug_frame   0x00002630       0x30 c:/program files (x86)/gnu tools arm embedded/4.7 2013q3/bin/../lib/gcc/arm-none-eabi/4.7.4/../../../../arm-none-eabi/lib/armv7e-m/softfp\libg.a(lib_a-mlock.o)
 .debug_frame   0x00002660       0x2c c:/program files (x86)/gnu tools arm embedded/4.7 2013q3/bin/../lib/gcc/arm-none-eabi/4.7.4/../../../../arm-none-eabi/lib/armv7e-m/softfp\libg.a(lib_a-sbrkr.o)
 .debug_frame   0x0000268c       0x2c c:/program files (x86)/gnu tools arm embedded/4.7 2013q3/bin/../lib/gcc/arm-none-eabi/4.7.4/../../../../arm-none-eabi/lib/armv7e-m/softfp\libg.a(lib_a-strncpy.o)
 .debug_frame   0x000026b8       0x50 c:/program files (x86)/gnu tools arm embedded/4.7 2013q3/bin/../lib/gcc/arm-none-eabi/4.7.4/../../../../arm-none-eabi/lib/armv7e-m/softfp\libg.a(lib_a-freer.o)
 .debug_frame   0x00002708       0x6c c:/program files (x86)/gnu tools arm embedded/4.7 2013q3/bin/../lib/gcc/arm-none-eabi/4.7.4/../../../../arm-none-eabi/lib/armv7e-m/softfp\libg.a(lib_a-reent.o)
